SQL> SELECT * FROM TAB;

TNAME                          TABTYPE CLUSTERID                                                    
------------------------------ ------- ---------                                                    
BIN$7n4jpdFjQ9+ovRAL5HQ3kA==$0 TABLE                                                                
BOOKS                          TABLE                                                                
CLIENT                         TABLE                                                                
EMP                            TABLE                                                                
ISSUE                          TABLE                                                                
MEMBER                         TABLE                                                                
STUDENT                        TABLE                                                                
STUDENTINFORMATION             TABLE                                                                

8 rows selected.

SQL> SELECT * FROM STUDENTINFORMATION;

no rows selected

SQL> DROP STUDENTINFORMATION.
  2  .
SQL> ED
Wrote file afiedt.buf

  1* DROP TABLE STUDENTINFORMATION
SQL> /

Table dropped.

SQL> SELECT * FROM TAB;

TNAME                          TABTYPE CLUSTERID                                                    
------------------------------ ------- ---------                                                    
BIN$0xN5N2VvQYm6dXR/Qgobtw==$0 TABLE                                                                
BIN$7n4jpdFjQ9+ovRAL5HQ3kA==$0 TABLE                                                                
BOOKS                          TABLE                                                                
CLIENT                         TABLE                                                                
EMP                            TABLE                                                                
ISSUE                          TABLE                                                                
MEMBER                         TABLE                                                                
STUDENT                        TABLE                                                                

8 rows selected.

SQL> SELECT * FROM STUDENT;

ROLLNO   NAME                           DOB       MEMBERS                        JEE HSC_MARKS      
-------- ------------------------------ --------- ------------------------------ --- ---------      
17BCE001 Aaryan Gupta                   01-JAN-00 ISTE                           154     90.33      
17BCE004 Anjali Gama                    04-FEB-99 RCNI,ISTE                      180     89.78      
17BCE010 Bharat Adharyu                 02-JUN-99 ISTE                           130     87.56      
17BCE011 Bhavya Shah                    11-SEP-99 AUGEN                          145     89.23      
17BCE009 Mayank Barnwal                 23-JUN-99                                145     87.33      
17BCE065 Aum Naik                       21-AUG-00                                130     96.67      
17BCE007 Ridham Avaiya                  25-MAR-99 AUGEN                          140     85.67      
17BCE014 Khodidas Chauhan               21-JUL-00 AUGEN,ISTE                     143     84.33      
17BCE017 Manad Desai                    24-DEC-00 ISTE,RCNI                      123     87.44      
17BCE007 Vinit Desai                    23-MAR-99                                86      87.67      
17BCE023 Sanket Patel                   20-MAR-99 ISTE                           90      90.33      
17BCE090 Chitrang Patel                 13-MAY-99                                74      78.88      
17BCE016 Levin Dhabi                    03-JAN-99                                150     81.33      
17BCE034 Samarth Solanki                23-FEB-99                                122     95.33      
17BCE087 Gaurav Ladhha                  02-SEP-00                                143     87.55      
17BCE054 Harsh Naik                     23-APR-00 RCNI                           110     87.33      
17BCE056 Kunal Chhatwani                27-MAR-99                                160     97.22      
17BCE018 Vraj Desai                     02-JUN-00                                119     94.33      
17BCE019 Dev Gagrani                    13-JAN-00                                160     90.13      
17BCE020 Dev Joshi                      03-AUG-99 RCNI                           180     94.33      

20 rows selected.

SQL> ALTER TABLE STUDENT
  2  ADD JEE NUMBER(3) CHECK(JEE<=360);

Table altered.

SQL> UPDATE STUDENT
  2  SET JEE = CAST(JEE_MARKS AS NUMBER(3));
SET JEE = CAST(JEE_MARKS AS NUMBER(3))
               *
ERROR at line 2:
ORA-00904: "JEE_MARKS": invalid identifier 


SQL> DESC STUDENT;
 Name                                                  Null?    Type
 ----------------------------------------------------- -------- ------------------------------------
 ROLLNO                                                         VARCHAR2(8)
 NAME                                                           VARCHAR2(30)
 DOB                                                            DATE
 MEMBERS                                                        VARCHAR2(30)
 JEE_SCORE                                                      VARCHAR2(3)
 HSC_MARKS                                                      NUMBER(5,2)
 JEE                                                            NUMBER(3)

SQL>  UPDATE STUDENT
  2   SET JEE = CAST(JEE_MARKS AS NUMBER(3));
 SET JEE = CAST(JEE_MARKS AS NUMBER(3))
                *
ERROR at line 2:
ORA-00904: "JEE_MARKS": invalid identifier 


SQL> ED
Wrote file afiedt.buf

  1   UPDATE STUDENT
  2*  SET JEE = CAST(JEE_SCORE AS NUMBER(3))
SQL> /

20 rows updated.

Commit complete.
SQL> ALTER TABLE STUDENT
  2  DELETE JEE_SCORE;
DELETE JEE_SCORE
*
ERROR at line 2:
ORA-01735: invalid ALTER TABLE option 


SQL> ED
Wrote file afiedt.buf

  1  ALTER TABLE STUDENT
  2* DROP JEE_SCORE
SQL> /
DROP JEE_SCORE
     *
ERROR at line 2:
ORA-00905: missing keyword 


SQL> ED
Wrote file afiedt.buf

  1  ALTER TABLE STUDENT
  2* DROP COLUMN JEE_SCORE
SQL> /

Table altered.

SQL> SELECT * FROM STUDENT;

ROLLNO   NAME                           DOB       MEMBERS                        HSC_MARKS       JEE
-------- ------------------------------ --------- ------------------------------ --------- ---------
17BCE001 Aaryan Gupta                   01-JAN-00 ISTE                               90.33       154
17BCE004 Anjali Gama                    04-FEB-99 RCNI,ISTE                          89.78       180
17BCE010 Bharat Adharyu                 02-JUN-99 ISTE                               87.56       130
17BCE011 Bhavya Shah                    11-SEP-99 AUGEN                              89.23       145
17BCE009 Mayank Barnwal                 23-JUN-99                                    87.33       145
17BCE065 Aum Naik                       21-AUG-00                                    96.67       130
17BCE007 Ridham Avaiya                  25-MAR-99 AUGEN                              85.67       140
17BCE014 Khodidas Chauhan               21-JUL-00 AUGEN,ISTE                         84.33       143
17BCE017 Manad Desai                    24-DEC-00 ISTE,RCNI                          87.44       123
17BCE007 Vinit Desai                    23-MAR-99                                    87.67        86
17BCE023 Sanket Patel                   20-MAR-99 ISTE                               90.33        90
17BCE090 Chitrang Patel                 13-MAY-99                                    78.88        74
17BCE016 Levin Dhabi                    03-JAN-99                                    81.33       150
17BCE034 Samarth Solanki                23-FEB-99                                    95.33       122
17BCE087 Gaurav Ladhha                  02-SEP-00                                    87.55       143
17BCE054 Harsh Naik                     23-APR-00 RCNI                               87.33       110
17BCE056 Kunal Chhatwani                27-MAR-99                                    97.22       160
17BCE018 Vraj Desai                     02-JUN-00                                    94.33       119
17BCE019 Dev Gagrani                    13-JAN-00                                    90.13       160
17BCE020 Dev Joshi                      03-AUG-99 RCNI                               94.33       180

20 rows selected.

SQL> SELECT MIN(JEE),MAX(JEE) FROM STUDENT;

 MIN(JEE)  MAX(JEE)                                                                                 
--------- ---------                                                                                 
       74       180                                                                                 

SQL> SELECT * FROM STUDENT,STUDENT;
SELECT * FROM STUDENT,STUDENT
       *
ERROR at line 1:
ORA-00918: column ambiguously defined 


SQL> SELECT * FROM STUDENT S1,STUDENT S2;

ROLLNO   NAME                           DOB       MEMBERS                        HSC_MARKS       JEE
-------- ------------------------------ --------- ------------------------------ --------- ---------
ROLLNO   NAME                           DOB       MEMBERS                        HSC_MARKS       JEE
-------- ------------------------------ --------- ------------------------------ --------- ---------
17BCE001 Aaryan Gupta                   01-JAN-00 ISTE                               90.33       154
17BCE001 Aaryan Gupta                   01-JAN-00 ISTE                               90.33       154
                                                                                                    
17BCE001 Aaryan Gupta                   01-JAN-00 ISTE                               90.33       154
17BCE004 Anjali Gama                    04-FEB-99 RCNI,ISTE                          89.78       180
                                                                                                    
17BCE001 Aaryan Gupta                   01-JAN-00 ISTE                               90.33       154
17BCE010 Bharat Adharyu                 02-JUN-99 ISTE                               87.56       130
                                                                                                    
17BCE001 Aaryan Gupta                   01-JAN-00 ISTE                               90.33       154
17BCE011 Bhavya Shah                    11-SEP-99 AUGEN                              89.23       145
                                                                                                    
17BCE001 Aaryan Gupta                   01-JAN-00 ISTE                               90.33       154
17BCE009 Mayank Barnwal                 23-JUN-99                                    87.33       145
                                                                                                    
17BCE001 Aaryan Gupta                   01-JAN-00 ISTE                               90.33       154
17BCE065 Aum Naik                       21-AUG-00                                    96.67       130
                                                                                                    
17BCE001 Aaryan Gupta                   01-JAN-00 ISTE                               90.33       154

ROLLNO   NAME                           DOB       MEMBERS                        HSC_MARKS       JEE
-------- ------------------------------ --------- ------------------------------ --------- ---------
ROLLNO   NAME                           DOB       MEMBERS                        HSC_MARKS       JEE
-------- ------------------------------ --------- ------------------------------ --------- ---------
17BCE007 Ridham Avaiya                  25-MAR-99 AUGEN                              85.67       140
                                                                                                    
17BCE001 Aaryan Gupta                   01-JAN-00 ISTE                               90.33       154
17BCE014 Khodidas Chauhan               21-JUL-00 AUGEN,ISTE                         84.33       143
                                                                                                    
17BCE001 Aaryan Gupta                   01-JAN-00 ISTE                               90.33       154
17BCE017 Manad Desai                    24-DEC-00 ISTE,RCNI                          87.44       123
                                                                                                    
17BCE001 Aaryan Gupta                   01-JAN-00 ISTE                               90.33       154
17BCE007 Vinit Desai                    23-MAR-99                                    87.67        86
                                                                                                    
17BCE001 Aaryan Gupta                   01-JAN-00 ISTE                               90.33       154
17BCE023 Sanket Patel                   20-MAR-99 ISTE                               90.33        90
                                                                                                    
17BCE001 Aaryan Gupta                   01-JAN-00 ISTE                               90.33       154
17BCE090 Chitrang Patel                 13-MAY-99                                    78.88        74
                                                                                                    
17BCE001 Aaryan Gupta                   01-JAN-00 ISTE                               90.33       154
17BCE016 Levin Dhabi                    03-JAN-99                                    81.33       150

ROLLNO   NAME                           DOB       MEMBERS                        HSC_MARKS       JEE
-------- ------------------------------ --------- ------------------------------ --------- ---------
ROLLNO   NAME                           DOB       MEMBERS                        HSC_MARKS       JEE
-------- ------------------------------ --------- ------------------------------ --------- ---------
                                                                                                    
17BCE001 Aaryan Gupta                   01-JAN-00 ISTE                               90.33       154
17BCE034 Samarth Solanki                23-FEB-99                                    95.33       122
                                                                                                    
17BCE001 Aaryan Gupta                   01-JAN-00 ISTE                               90.33       154
17BCE087 Gaurav Ladhha                  02-SEP-00                                    87.55       143
                                                                                                    
17BCE001 Aaryan Gupta                   01-JAN-00 ISTE                               90.33       154
17BCE054 Harsh Naik                     23-APR-00 RCNI                               87.33       110
                                                                                                    
17BCE001 Aaryan Gupta                   01-JAN-00 ISTE                               90.33       154
17BCE056 Kunal Chhatwani                27-MAR-99                                    97.22       160
                                                                                                    
17BCE001 Aaryan Gupta                   01-JAN-00 ISTE                               90.33       154
17BCE018 Vraj Desai                     02-JUN-00                                    94.33       119
                                                                                                    
17BCE001 Aaryan Gupta                   01-JAN-00 ISTE                               90.33       154
17BCE019 Dev Gagrani                    13-JAN-00                                    90.13       160
                                                                                                    

ROLLNO   NAME                           DOB       MEMBERS                        HSC_MARKS       JEE
-------- ------------------------------ --------- ------------------------------ --------- ---------
ROLLNO   NAME                           DOB       MEMBERS                        HSC_MARKS       JEE
-------- ------------------------------ --------- ------------------------------ --------- ---------
17BCE001 Aaryan Gupta                   01-JAN-00 ISTE                               90.33       154
17BCE020 Dev Joshi                      03-AUG-99 RCNI                               94.33       180
                                                                                                    
17BCE004 Anjali Gama                    04-FEB-99 RCNI,ISTE                          89.78       180
17BCE001 Aaryan Gupta                   01-JAN-00 ISTE                               90.33       154
                                                                                                    
17BCE004 Anjali Gama                    04-FEB-99 RCNI,ISTE                          89.78       180
17BCE004 Anjali Gama                    04-FEB-99 RCNI,ISTE                          89.78       180
                                                                                                    
17BCE004 Anjali Gama                    04-FEB-99 RCNI,ISTE                          89.78       180
17BCE010 Bharat Adharyu                 02-JUN-99 ISTE                               87.56       130
                                                                                                    
17BCE004 Anjali Gama                    04-FEB-99 RCNI,ISTE                          89.78       180
17BCE011 Bhavya Shah                    11-SEP-99 AUGEN                              89.23       145
                                                                                                    
17BCE004 Anjali Gama                    04-FEB-99 RCNI,ISTE                          89.78       180
17BCE009 Mayank Barnwal                 23-JUN-99                                    87.33       145
                                                                                                    
17BCE004 Anjali Gama                    04-FEB-99 RCNI,ISTE                          89.78       180

ROLLNO   NAME                           DOB       MEMBERS                        HSC_MARKS       JEE
-------- ------------------------------ --------- ------------------------------ --------- ---------
ROLLNO   NAME                           DOB       MEMBERS                        HSC_MARKS       JEE
-------- ------------------------------ --------- ------------------------------ --------- ---------
17BCE065 Aum Naik                       21-AUG-00                                    96.67       130
                                                                                                    
17BCE004 Anjali Gama                    04-FEB-99 RCNI,ISTE                          89.78       180
17BCE007 Ridham Avaiya                  25-MAR-99 AUGEN                              85.67       140
                                                                                                    
17BCE004 Anjali Gama                    04-FEB-99 RCNI,ISTE                          89.78       180
17BCE014 Khodidas Chauhan               21-JUL-00 AUGEN,ISTE                         84.33       143
                                                                                                    
17BCE004 Anjali Gama                    04-FEB-99 RCNI,ISTE                          89.78       180
17BCE017 Manad Desai                    24-DEC-00 ISTE,RCNI                          87.44       123
                                                                                                    
17BCE004 Anjali Gama                    04-FEB-99 RCNI,ISTE                          89.78       180
17BCE007 Vinit Desai                    23-MAR-99                                    87.67        86
                                                                                                    
17BCE004 Anjali Gama                    04-FEB-99 RCNI,ISTE                          89.78       180
17BCE023 Sanket Patel                   20-MAR-99 ISTE                               90.33        90
                                                                                                    
17BCE004 Anjali Gama                    04-FEB-99 RCNI,ISTE                          89.78       180
17BCE090 Chitrang Patel                 13-MAY-99                                    78.88        74

ROLLNO   NAME                           DOB       MEMBERS                        HSC_MARKS       JEE
-------- ------------------------------ --------- ------------------------------ --------- ---------
ROLLNO   NAME                           DOB       MEMBERS                        HSC_MARKS       JEE
-------- ------------------------------ --------- ------------------------------ --------- ---------
                                                                                                    
17BCE004 Anjali Gama                    04-FEB-99 RCNI,ISTE                          89.78       180
17BCE016 Levin Dhabi                    03-JAN-99                                    81.33       150
                                                                                                    
17BCE004 Anjali Gama                    04-FEB-99 RCNI,ISTE                          89.78       180
17BCE034 Samarth Solanki                23-FEB-99                                    95.33       122
                                                                                                    
17BCE004 Anjali Gama                    04-FEB-99 RCNI,ISTE                          89.78       180
17BCE087 Gaurav Ladhha                  02-SEP-00                                    87.55       143
                                                                                                    
17BCE004 Anjali Gama                    04-FEB-99 RCNI,ISTE                          89.78       180
17BCE054 Harsh Naik                     23-APR-00 RCNI                               87.33       110
                                                                                                    
17BCE004 Anjali Gama                    04-FEB-99 RCNI,ISTE                          89.78       180
17BCE056 Kunal Chhatwani                27-MAR-99                                    97.22       160
                                                                                                    
17BCE004 Anjali Gama                    04-FEB-99 RCNI,ISTE                          89.78       180
17BCE018 Vraj Desai                     02-JUN-00                                    94.33       119
                                                                                                    

ROLLNO   NAME                           DOB       MEMBERS                        HSC_MARKS       JEE
-------- ------------------------------ --------- ------------------------------ --------- ---------
ROLLNO   NAME                           DOB       MEMBERS                        HSC_MARKS       JEE
-------- ------------------------------ --------- ------------------------------ --------- ---------
17BCE004 Anjali Gama                    04-FEB-99 RCNI,ISTE                          89.78       180
17BCE019 Dev Gagrani                    13-JAN-00                                    90.13       160
                                                                                                    
17BCE004 Anjali Gama                    04-FEB-99 RCNI,ISTE                          89.78       180
17BCE020 Dev Joshi                      03-AUG-99 RCNI                               94.33       180
                                                                                                    
17BCE010 Bharat Adharyu                 02-JUN-99 ISTE                               87.56       130
17BCE001 Aaryan Gupta                   01-JAN-00 ISTE                               90.33       154
                                                                                                    
17BCE010 Bharat Adharyu                 02-JUN-99 ISTE                               87.56       130
17BCE004 Anjali Gama                    04-FEB-99 RCNI,ISTE                          89.78       180
                                                                                                    
17BCE010 Bharat Adharyu                 02-JUN-99 ISTE                               87.56       130
17BCE010 Bharat Adharyu                 02-JUN-99 ISTE                               87.56       130
                                                                                                    
17BCE010 Bharat Adharyu                 02-JUN-99 ISTE                               87.56       130
17BCE011 Bhavya Shah                    11-SEP-99 AUGEN                              89.23       145
                                                                                                    
17BCE010 Bharat Adharyu                 02-JUN-99 ISTE                               87.56       130

ROLLNO   NAME                           DOB       MEMBERS                        HSC_MARKS       JEE
-------- ------------------------------ --------- ------------------------------ --------- ---------
ROLLNO   NAME                           DOB       MEMBERS                        HSC_MARKS       JEE
-------- ------------------------------ --------- ------------------------------ --------- ---------
17BCE009 Mayank Barnwal                 23-JUN-99                                    87.33       145
                                                                                                    
17BCE010 Bharat Adharyu                 02-JUN-99 ISTE                               87.56       130
17BCE065 Aum Naik                       21-AUG-00                                    96.67       130
                                                                                                    
17BCE010 Bharat Adharyu                 02-JUN-99 ISTE                               87.56       130
17BCE007 Ridham Avaiya                  25-MAR-99 AUGEN                              85.67       140
                                                                                                    
17BCE010 Bharat Adharyu                 02-JUN-99 ISTE                               87.56       130
17BCE014 Khodidas Chauhan               21-JUL-00 AUGEN,ISTE                         84.33       143
                                                                                                    
17BCE010 Bharat Adharyu                 02-JUN-99 ISTE                               87.56       130
17BCE017 Manad Desai                    24-DEC-00 ISTE,RCNI                          87.44       123
                                                                                                    
17BCE010 Bharat Adharyu                 02-JUN-99 ISTE                               87.56       130
17BCE007 Vinit Desai                    23-MAR-99                                    87.67        86
                                                                                                    
17BCE010 Bharat Adharyu                 02-JUN-99 ISTE                               87.56       130
17BCE023 Sanket Patel                   20-MAR-99 ISTE                               90.33        90

ROLLNO   NAME                           DOB       MEMBERS                        HSC_MARKS       JEE
-------- ------------------------------ --------- ------------------------------ --------- ---------
ROLLNO   NAME                           DOB       MEMBERS                        HSC_MARKS       JEE
-------- ------------------------------ --------- ------------------------------ --------- ---------
                                                                                                    
17BCE010 Bharat Adharyu                 02-JUN-99 ISTE                               87.56       130
17BCE090 Chitrang Patel                 13-MAY-99                                    78.88        74
                                                                                                    
17BCE010 Bharat Adharyu                 02-JUN-99 ISTE                               87.56       130
17BCE016 Levin Dhabi                    03-JAN-99                                    81.33       150
                                                                                                    
17BCE010 Bharat Adharyu                 02-JUN-99 ISTE                               87.56       130
17BCE034 Samarth Solanki                23-FEB-99                                    95.33       122
                                                                                                    
17BCE010 Bharat Adharyu                 02-JUN-99 ISTE                               87.56       130
17BCE087 Gaurav Ladhha                  02-SEP-00                                    87.55       143
                                                                                                    
17BCE010 Bharat Adharyu                 02-JUN-99 ISTE                               87.56       130
17BCE054 Harsh Naik                     23-APR-00 RCNI                               87.33       110
                                                                                                    
17BCE010 Bharat Adharyu                 02-JUN-99 ISTE                               87.56       130
17BCE056 Kunal Chhatwani                27-MAR-99                                    97.22       160
                                                                                                    

ROLLNO   NAME                           DOB       MEMBERS                        HSC_MARKS       JEE
-------- ------------------------------ --------- ------------------------------ --------- ---------
ROLLNO   NAME                           DOB       MEMBERS                        HSC_MARKS       JEE
-------- ------------------------------ --------- ------------------------------ --------- ---------
17BCE010 Bharat Adharyu                 02-JUN-99 ISTE                               87.56       130
17BCE018 Vraj Desai                     02-JUN-00                                    94.33       119
                                                                                                    
17BCE010 Bharat Adharyu                 02-JUN-99 ISTE                               87.56       130
17BCE019 Dev Gagrani                    13-JAN-00                                    90.13       160
                                                                                                    
17BCE010 Bharat Adharyu                 02-JUN-99 ISTE                               87.56       130
17BCE020 Dev Joshi                      03-AUG-99 RCNI                               94.33       180
                                                                                                    
17BCE011 Bhavya Shah                    11-SEP-99 AUGEN                              89.23       145
17BCE001 Aaryan Gupta                   01-JAN-00 ISTE                               90.33       154
                                                                                                    
17BCE011 Bhavya Shah                    11-SEP-99 AUGEN                              89.23       145
17BCE004 Anjali Gama                    04-FEB-99 RCNI,ISTE                          89.78       180
                                                                                                    
17BCE011 Bhavya Shah                    11-SEP-99 AUGEN                              89.23       145
17BCE010 Bharat Adharyu                 02-JUN-99 ISTE                               87.56       130
                                                                                                    
17BCE011 Bhavya Shah                    11-SEP-99 AUGEN                              89.23       145

ROLLNO   NAME                           DOB       MEMBERS                        HSC_MARKS       JEE
-------- ------------------------------ --------- ------------------------------ --------- ---------
ROLLNO   NAME                           DOB       MEMBERS                        HSC_MARKS       JEE
-------- ------------------------------ --------- ------------------------------ --------- ---------
17BCE011 Bhavya Shah                    11-SEP-99 AUGEN                              89.23       145
                                                                                                    
17BCE011 Bhavya Shah                    11-SEP-99 AUGEN                              89.23       145
17BCE009 Mayank Barnwal                 23-JUN-99                                    87.33       145
                                                                                                    
17BCE011 Bhavya Shah                    11-SEP-99 AUGEN                              89.23       145
17BCE065 Aum Naik                       21-AUG-00                                    96.67       130
                                                                                                    
17BCE011 Bhavya Shah                    11-SEP-99 AUGEN                              89.23       145
17BCE007 Ridham Avaiya                  25-MAR-99 AUGEN                              85.67       140
                                                                                                    
17BCE011 Bhavya Shah                    11-SEP-99 AUGEN                              89.23       145
17BCE014 Khodidas Chauhan               21-JUL-00 AUGEN,ISTE                         84.33       143
                                                                                                    
17BCE011 Bhavya Shah                    11-SEP-99 AUGEN                              89.23       145
17BCE017 Manad Desai                    24-DEC-00 ISTE,RCNI                          87.44       123
                                                                                                    
17BCE011 Bhavya Shah                    11-SEP-99 AUGEN                              89.23       145
17BCE007 Vinit Desai                    23-MAR-99                                    87.67        86

ROLLNO   NAME                           DOB       MEMBERS                        HSC_MARKS       JEE
-------- ------------------------------ --------- ------------------------------ --------- ---------
ROLLNO   NAME                           DOB       MEMBERS                        HSC_MARKS       JEE
-------- ------------------------------ --------- ------------------------------ --------- ---------
                                                                                                    
17BCE011 Bhavya Shah                    11-SEP-99 AUGEN                              89.23       145
17BCE023 Sanket Patel                   20-MAR-99 ISTE                               90.33        90
                                                                                                    
17BCE011 Bhavya Shah                    11-SEP-99 AUGEN                              89.23       145
17BCE090 Chitrang Patel                 13-MAY-99                                    78.88        74
                                                                                                    
17BCE011 Bhavya Shah                    11-SEP-99 AUGEN                              89.23       145
17BCE016 Levin Dhabi                    03-JAN-99                                    81.33       150
                                                                                                    
17BCE011 Bhavya Shah                    11-SEP-99 AUGEN                              89.23       145
17BCE034 Samarth Solanki                23-FEB-99                                    95.33       122
                                                                                                    
17BCE011 Bhavya Shah                    11-SEP-99 AUGEN                              89.23       145
17BCE087 Gaurav Ladhha                  02-SEP-00                                    87.55       143
                                                                                                    
17BCE011 Bhavya Shah                    11-SEP-99 AUGEN                              89.23       145
17BCE054 Harsh Naik                     23-APR-00 RCNI                               87.33       110
                                                                                                    

ROLLNO   NAME                           DOB       MEMBERS                        HSC_MARKS       JEE
-------- ------------------------------ --------- ------------------------------ --------- ---------
ROLLNO   NAME                           DOB       MEMBERS                        HSC_MARKS       JEE
-------- ------------------------------ --------- ------------------------------ --------- ---------
17BCE011 Bhavya Shah                    11-SEP-99 AUGEN                              89.23       145
17BCE056 Kunal Chhatwani                27-MAR-99                                    97.22       160
                                                                                                    
17BCE011 Bhavya Shah                    11-SEP-99 AUGEN                              89.23       145
17BCE018 Vraj Desai                     02-JUN-00                                    94.33       119
                                                                                                    
17BCE011 Bhavya Shah                    11-SEP-99 AUGEN                              89.23       145
17BCE019 Dev Gagrani                    13-JAN-00                                    90.13       160
                                                                                                    
17BCE011 Bhavya Shah                    11-SEP-99 AUGEN                              89.23       145
17BCE020 Dev Joshi                      03-AUG-99 RCNI                               94.33       180
                                                                                                    
17BCE009 Mayank Barnwal                 23-JUN-99                                    87.33       145
17BCE001 Aaryan Gupta                   01-JAN-00 ISTE                               90.33       154
                                                                                                    
17BCE009 Mayank Barnwal                 23-JUN-99                                    87.33       145
17BCE004 Anjali Gama                    04-FEB-99 RCNI,ISTE                          89.78       180
                                                                                                    
17BCE009 Mayank Barnwal                 23-JUN-99                                    87.33       145

ROLLNO   NAME                           DOB       MEMBERS                        HSC_MARKS       JEE
-------- ------------------------------ --------- ------------------------------ --------- ---------
ROLLNO   NAME                           DOB       MEMBERS                        HSC_MARKS       JEE
-------- ------------------------------ --------- ------------------------------ --------- ---------
17BCE010 Bharat Adharyu                 02-JUN-99 ISTE                               87.56       130
                                                                                                    
17BCE009 Mayank Barnwal                 23-JUN-99                                    87.33       145
17BCE011 Bhavya Shah                    11-SEP-99 AUGEN                              89.23       145
                                                                                                    
17BCE009 Mayank Barnwal                 23-JUN-99                                    87.33       145
17BCE009 Mayank Barnwal                 23-JUN-99                                    87.33       145
                                                                                                    
17BCE009 Mayank Barnwal                 23-JUN-99                                    87.33       145
17BCE065 Aum Naik                       21-AUG-00                                    96.67       130
                                                                                                    
17BCE009 Mayank Barnwal                 23-JUN-99                                    87.33       145
17BCE007 Ridham Avaiya                  25-MAR-99 AUGEN                              85.67       140
                                                                                                    
17BCE009 Mayank Barnwal                 23-JUN-99                                    87.33       145
17BCE014 Khodidas Chauhan               21-JUL-00 AUGEN,ISTE                         84.33       143
                                                                                                    
17BCE009 Mayank Barnwal                 23-JUN-99                                    87.33       145
17BCE017 Manad Desai                    24-DEC-00 ISTE,RCNI                          87.44       123

ROLLNO   NAME                           DOB       MEMBERS                        HSC_MARKS       JEE
-------- ------------------------------ --------- ------------------------------ --------- ---------
ROLLNO   NAME                           DOB       MEMBERS                        HSC_MARKS       JEE
-------- ------------------------------ --------- ------------------------------ --------- ---------
                                                                                                    
17BCE009 Mayank Barnwal                 23-JUN-99                                    87.33       145
17BCE007 Vinit Desai                    23-MAR-99                                    87.67        86
                                                                                                    
17BCE009 Mayank Barnwal                 23-JUN-99                                    87.33       145
17BCE023 Sanket Patel                   20-MAR-99 ISTE                               90.33        90
                                                                                                    
17BCE009 Mayank Barnwal                 23-JUN-99                                    87.33       145
17BCE090 Chitrang Patel                 13-MAY-99                                    78.88        74
                                                                                                    
17BCE009 Mayank Barnwal                 23-JUN-99                                    87.33       145
17BCE016 Levin Dhabi                    03-JAN-99                                    81.33       150
                                                                                                    
17BCE009 Mayank Barnwal                 23-JUN-99                                    87.33       145
17BCE034 Samarth Solanki                23-FEB-99                                    95.33       122
                                                                                                    
17BCE009 Mayank Barnwal                 23-JUN-99                                    87.33       145
17BCE087 Gaurav Ladhha                  02-SEP-00                                    87.55       143
                                                                                                    

ROLLNO   NAME                           DOB       MEMBERS                        HSC_MARKS       JEE
-------- ------------------------------ --------- ------------------------------ --------- ---------
ROLLNO   NAME                           DOB       MEMBERS                        HSC_MARKS       JEE
-------- ------------------------------ --------- ------------------------------ --------- ---------
17BCE009 Mayank Barnwal                 23-JUN-99                                    87.33       145
17BCE054 Harsh Naik                     23-APR-00 RCNI                               87.33       110
                                                                                                    
17BCE009 Mayank Barnwal                 23-JUN-99                                    87.33       145
17BCE056 Kunal Chhatwani                27-MAR-99                                    97.22       160
                                                                                                    
17BCE009 Mayank Barnwal                 23-JUN-99                                    87.33       145
17BCE018 Vraj Desai                     02-JUN-00                                    94.33       119
                                                                                                    
17BCE009 Mayank Barnwal                 23-JUN-99                                    87.33       145
17BCE019 Dev Gagrani                    13-JAN-00                                    90.13       160
                                                                                                    
17BCE009 Mayank Barnwal                 23-JUN-99                                    87.33       145
17BCE020 Dev Joshi                      03-AUG-99 RCNI                               94.33       180
                                                                                                    
17BCE065 Aum Naik                       21-AUG-00                                    96.67       130
17BCE001 Aaryan Gupta                   01-JAN-00 ISTE                               90.33       154
                                                                                                    
17BCE065 Aum Naik                       21-AUG-00                                    96.67       130

ROLLNO   NAME                           DOB       MEMBERS                        HSC_MARKS       JEE
-------- ------------------------------ --------- ------------------------------ --------- ---------
ROLLNO   NAME                           DOB       MEMBERS                        HSC_MARKS       JEE
-------- ------------------------------ --------- ------------------------------ --------- ---------
17BCE004 Anjali Gama                    04-FEB-99 RCNI,ISTE                          89.78       180
                                                                                                    
17BCE065 Aum Naik                       21-AUG-00                                    96.67       130
17BCE010 Bharat Adharyu                 02-JUN-99 ISTE                               87.56       130
                                                                                                    
17BCE065 Aum Naik                       21-AUG-00                                    96.67       130
17BCE011 Bhavya Shah                    11-SEP-99 AUGEN                              89.23       145
                                                                                                    
17BCE065 Aum Naik                       21-AUG-00                                    96.67       130
17BCE009 Mayank Barnwal                 23-JUN-99                                    87.33       145
                                                                                                    
17BCE065 Aum Naik                       21-AUG-00                                    96.67       130
17BCE065 Aum Naik                       21-AUG-00                                    96.67       130
                                                                                                    
17BCE065 Aum Naik                       21-AUG-00                                    96.67       130
17BCE007 Ridham Avaiya                  25-MAR-99 AUGEN                              85.67       140
                                                                                                    
17BCE065 Aum Naik                       21-AUG-00                                    96.67       130
17BCE014 Khodidas Chauhan               21-JUL-00 AUGEN,ISTE                         84.33       143

ROLLNO   NAME                           DOB       MEMBERS                        HSC_MARKS       JEE
-------- ------------------------------ --------- ------------------------------ --------- ---------
ROLLNO   NAME                           DOB       MEMBERS                        HSC_MARKS       JEE
-------- ------------------------------ --------- ------------------------------ --------- ---------
                                                                                                    
17BCE065 Aum Naik                       21-AUG-00                                    96.67       130
17BCE017 Manad Desai                    24-DEC-00 ISTE,RCNI                          87.44       123
                                                                                                    
17BCE065 Aum Naik                       21-AUG-00                                    96.67       130
17BCE007 Vinit Desai                    23-MAR-99                                    87.67        86
                                                                                                    
17BCE065 Aum Naik                       21-AUG-00                                    96.67       130
17BCE023 Sanket Patel                   20-MAR-99 ISTE                               90.33        90
                                                                                                    
17BCE065 Aum Naik                       21-AUG-00                                    96.67       130
17BCE090 Chitrang Patel                 13-MAY-99                                    78.88        74
                                                                                                    
17BCE065 Aum Naik                       21-AUG-00                                    96.67       130
17BCE016 Levin Dhabi                    03-JAN-99                                    81.33       150
                                                                                                    
17BCE065 Aum Naik                       21-AUG-00                                    96.67       130
17BCE034 Samarth Solanki                23-FEB-99                                    95.33       122
                                                                                                    

ROLLNO   NAME                           DOB       MEMBERS                        HSC_MARKS       JEE
-------- ------------------------------ --------- ------------------------------ --------- ---------
ROLLNO   NAME                           DOB       MEMBERS                        HSC_MARKS       JEE
-------- ------------------------------ --------- ------------------------------ --------- ---------
17BCE065 Aum Naik                       21-AUG-00                                    96.67       130
17BCE087 Gaurav Ladhha                  02-SEP-00                                    87.55       143
                                                                                                    
17BCE065 Aum Naik                       21-AUG-00                                    96.67       130
17BCE054 Harsh Naik                     23-APR-00 RCNI                               87.33       110
                                                                                                    
17BCE065 Aum Naik                       21-AUG-00                                    96.67       130
17BCE056 Kunal Chhatwani                27-MAR-99                                    97.22       160
                                                                                                    
17BCE065 Aum Naik                       21-AUG-00                                    96.67       130
17BCE018 Vraj Desai                     02-JUN-00                                    94.33       119
                                                                                                    
17BCE065 Aum Naik                       21-AUG-00                                    96.67       130
17BCE019 Dev Gagrani                    13-JAN-00                                    90.13       160
                                                                                                    
17BCE065 Aum Naik                       21-AUG-00                                    96.67       130
17BCE020 Dev Joshi                      03-AUG-99 RCNI                               94.33       180
                                                                                                    
17BCE007 Ridham Avaiya                  25-MAR-99 AUGEN                              85.67       140

ROLLNO   NAME                           DOB       MEMBERS                        HSC_MARKS       JEE
-------- ------------------------------ --------- ------------------------------ --------- ---------
ROLLNO   NAME                           DOB       MEMBERS                        HSC_MARKS       JEE
-------- ------------------------------ --------- ------------------------------ --------- ---------
17BCE001 Aaryan Gupta                   01-JAN-00 ISTE                               90.33       154
                                                                                                    
17BCE007 Ridham Avaiya                  25-MAR-99 AUGEN                              85.67       140
17BCE004 Anjali Gama                    04-FEB-99 RCNI,ISTE                          89.78       180
                                                                                                    
17BCE007 Ridham Avaiya                  25-MAR-99 AUGEN                              85.67       140
17BCE010 Bharat Adharyu                 02-JUN-99 ISTE                               87.56       130
                                                                                                    
17BCE007 Ridham Avaiya                  25-MAR-99 AUGEN                              85.67       140
17BCE011 Bhavya Shah                    11-SEP-99 AUGEN                              89.23       145
                                                                                                    
17BCE007 Ridham Avaiya                  25-MAR-99 AUGEN                              85.67       140
17BCE009 Mayank Barnwal                 23-JUN-99                                    87.33       145
                                                                                                    
17BCE007 Ridham Avaiya                  25-MAR-99 AUGEN                              85.67       140
17BCE065 Aum Naik                       21-AUG-00                                    96.67       130
                                                                                                    
17BCE007 Ridham Avaiya                  25-MAR-99 AUGEN                              85.67       140
17BCE007 Ridham Avaiya                  25-MAR-99 AUGEN                              85.67       140

ROLLNO   NAME                           DOB       MEMBERS                        HSC_MARKS       JEE
-------- ------------------------------ --------- ------------------------------ --------- ---------
ROLLNO   NAME                           DOB       MEMBERS                        HSC_MARKS       JEE
-------- ------------------------------ --------- ------------------------------ --------- ---------
                                                                                                    
17BCE007 Ridham Avaiya                  25-MAR-99 AUGEN                              85.67       140
17BCE014 Khodidas Chauhan               21-JUL-00 AUGEN,ISTE                         84.33       143
                                                                                                    
17BCE007 Ridham Avaiya                  25-MAR-99 AUGEN                              85.67       140
17BCE017 Manad Desai                    24-DEC-00 ISTE,RCNI                          87.44       123
                                                                                                    
17BCE007 Ridham Avaiya                  25-MAR-99 AUGEN                              85.67       140
17BCE007 Vinit Desai                    23-MAR-99                                    87.67        86
                                                                                                    
17BCE007 Ridham Avaiya                  25-MAR-99 AUGEN                              85.67       140
17BCE023 Sanket Patel                   20-MAR-99 ISTE                               90.33        90
                                                                                                    
17BCE007 Ridham Avaiya                  25-MAR-99 AUGEN                              85.67       140
17BCE090 Chitrang Patel                 13-MAY-99                                    78.88        74
                                                                                                    
17BCE007 Ridham Avaiya                  25-MAR-99 AUGEN                              85.67       140
17BCE016 Levin Dhabi                    03-JAN-99                                    81.33       150
                                                                                                    

ROLLNO   NAME                           DOB       MEMBERS                        HSC_MARKS       JEE
-------- ------------------------------ --------- ------------------------------ --------- ---------
ROLLNO   NAME                           DOB       MEMBERS                        HSC_MARKS       JEE
-------- ------------------------------ --------- ------------------------------ --------- ---------
17BCE007 Ridham Avaiya                  25-MAR-99 AUGEN                              85.67       140
17BCE034 Samarth Solanki                23-FEB-99                                    95.33       122
                                                                                                    
17BCE007 Ridham Avaiya                  25-MAR-99 AUGEN                              85.67       140
17BCE087 Gaurav Ladhha                  02-SEP-00                                    87.55       143
                                                                                                    
17BCE007 Ridham Avaiya                  25-MAR-99 AUGEN                              85.67       140
17BCE054 Harsh Naik                     23-APR-00 RCNI                               87.33       110
                                                                                                    
17BCE007 Ridham Avaiya                  25-MAR-99 AUGEN                              85.67       140
17BCE056 Kunal Chhatwani                27-MAR-99                                    97.22       160
                                                                                                    
17BCE007 Ridham Avaiya                  25-MAR-99 AUGEN                              85.67       140
17BCE018 Vraj Desai                     02-JUN-00                                    94.33       119
                                                                                                    
17BCE007 Ridham Avaiya                  25-MAR-99 AUGEN                              85.67       140
17BCE019 Dev Gagrani                    13-JAN-00                                    90.13       160
                                                                                                    
17BCE007 Ridham Avaiya                  25-MAR-99 AUGEN                              85.67       140

ROLLNO   NAME                           DOB       MEMBERS                        HSC_MARKS       JEE
-------- ------------------------------ --------- ------------------------------ --------- ---------
ROLLNO   NAME                           DOB       MEMBERS                        HSC_MARKS       JEE
-------- ------------------------------ --------- ------------------------------ --------- ---------
17BCE020 Dev Joshi                      03-AUG-99 RCNI                               94.33       180
                                                                                                    
17BCE014 Khodidas Chauhan               21-JUL-00 AUGEN,ISTE                         84.33       143
17BCE001 Aaryan Gupta                   01-JAN-00 ISTE                               90.33       154
                                                                                                    
17BCE014 Khodidas Chauhan               21-JUL-00 AUGEN,ISTE                         84.33       143
17BCE004 Anjali Gama                    04-FEB-99 RCNI,ISTE                          89.78       180
                                                                                                    
17BCE014 Khodidas Chauhan               21-JUL-00 AUGEN,ISTE                         84.33       143
17BCE010 Bharat Adharyu                 02-JUN-99 ISTE                               87.56       130
                                                                                                    
17BCE014 Khodidas Chauhan               21-JUL-00 AUGEN,ISTE                         84.33       143
17BCE011 Bhavya Shah                    11-SEP-99 AUGEN                              89.23       145
                                                                                                    
17BCE014 Khodidas Chauhan               21-JUL-00 AUGEN,ISTE                         84.33       143
17BCE009 Mayank Barnwal                 23-JUN-99                                    87.33       145
                                                                                                    
17BCE014 Khodidas Chauhan               21-JUL-00 AUGEN,ISTE                         84.33       143
17BCE065 Aum Naik                       21-AUG-00                                    96.67       130

ROLLNO   NAME                           DOB       MEMBERS                        HSC_MARKS       JEE
-------- ------------------------------ --------- ------------------------------ --------- ---------
ROLLNO   NAME                           DOB       MEMBERS                        HSC_MARKS       JEE
-------- ------------------------------ --------- ------------------------------ --------- ---------
                                                                                                    
17BCE014 Khodidas Chauhan               21-JUL-00 AUGEN,ISTE                         84.33       143
17BCE007 Ridham Avaiya                  25-MAR-99 AUGEN                              85.67       140
                                                                                                    
17BCE014 Khodidas Chauhan               21-JUL-00 AUGEN,ISTE                         84.33       143
17BCE014 Khodidas Chauhan               21-JUL-00 AUGEN,ISTE                         84.33       143
                                                                                                    
17BCE014 Khodidas Chauhan               21-JUL-00 AUGEN,ISTE                         84.33       143
17BCE017 Manad Desai                    24-DEC-00 ISTE,RCNI                          87.44       123
                                                                                                    
17BCE014 Khodidas Chauhan               21-JUL-00 AUGEN,ISTE                         84.33       143
17BCE007 Vinit Desai                    23-MAR-99                                    87.67        86
                                                                                                    
17BCE014 Khodidas Chauhan               21-JUL-00 AUGEN,ISTE                         84.33       143
17BCE023 Sanket Patel                   20-MAR-99 ISTE                               90.33        90
                                                                                                    
17BCE014 Khodidas Chauhan               21-JUL-00 AUGEN,ISTE                         84.33       143
17BCE090 Chitrang Patel                 13-MAY-99                                    78.88        74
                                                                                                    

ROLLNO   NAME                           DOB       MEMBERS                        HSC_MARKS       JEE
-------- ------------------------------ --------- ------------------------------ --------- ---------
ROLLNO   NAME                           DOB       MEMBERS                        HSC_MARKS       JEE
-------- ------------------------------ --------- ------------------------------ --------- ---------
17BCE014 Khodidas Chauhan               21-JUL-00 AUGEN,ISTE                         84.33       143
17BCE016 Levin Dhabi                    03-JAN-99                                    81.33       150
                                                                                                    
17BCE014 Khodidas Chauhan               21-JUL-00 AUGEN,ISTE                         84.33       143
17BCE034 Samarth Solanki                23-FEB-99                                    95.33       122
                                                                                                    
17BCE014 Khodidas Chauhan               21-JUL-00 AUGEN,ISTE                         84.33       143
17BCE087 Gaurav Ladhha                  02-SEP-00                                    87.55       143
                                                                                                    
17BCE014 Khodidas Chauhan               21-JUL-00 AUGEN,ISTE                         84.33       143
17BCE054 Harsh Naik                     23-APR-00 RCNI                               87.33       110
                                                                                                    
17BCE014 Khodidas Chauhan               21-JUL-00 AUGEN,ISTE                         84.33       143
17BCE056 Kunal Chhatwani                27-MAR-99                                    97.22       160
                                                                                                    
17BCE014 Khodidas Chauhan               21-JUL-00 AUGEN,ISTE                         84.33       143
17BCE018 Vraj Desai                     02-JUN-00                                    94.33       119
                                                                                                    
17BCE014 Khodidas Chauhan               21-JUL-00 AUGEN,ISTE                         84.33       143

ROLLNO   NAME                           DOB       MEMBERS                        HSC_MARKS       JEE
-------- ------------------------------ --------- ------------------------------ --------- ---------
ROLLNO   NAME                           DOB       MEMBERS                        HSC_MARKS       JEE
-------- ------------------------------ --------- ------------------------------ --------- ---------
17BCE019 Dev Gagrani                    13-JAN-00                                    90.13       160
                                                                                                    
17BCE014 Khodidas Chauhan               21-JUL-00 AUGEN,ISTE                         84.33       143
17BCE020 Dev Joshi                      03-AUG-99 RCNI                               94.33       180
                                                                                                    
17BCE017 Manad Desai                    24-DEC-00 ISTE,RCNI                          87.44       123
17BCE001 Aaryan Gupta                   01-JAN-00 ISTE                               90.33       154
                                                                                                    
17BCE017 Manad Desai                    24-DEC-00 ISTE,RCNI                          87.44       123
17BCE004 Anjali Gama                    04-FEB-99 RCNI,ISTE                          89.78       180
                                                                                                    
17BCE017 Manad Desai                    24-DEC-00 ISTE,RCNI                          87.44       123
17BCE010 Bharat Adharyu                 02-JUN-99 ISTE                               87.56       130
                                                                                                    
17BCE017 Manad Desai                    24-DEC-00 ISTE,RCNI                          87.44       123
17BCE011 Bhavya Shah                    11-SEP-99 AUGEN                              89.23       145
                                                                                                    
17BCE017 Manad Desai                    24-DEC-00 ISTE,RCNI                          87.44       123
17BCE009 Mayank Barnwal                 23-JUN-99                                    87.33       145

ROLLNO   NAME                           DOB       MEMBERS                        HSC_MARKS       JEE
-------- ------------------------------ --------- ------------------------------ --------- ---------
ROLLNO   NAME                           DOB       MEMBERS                        HSC_MARKS       JEE
-------- ------------------------------ --------- ------------------------------ --------- ---------
                                                                                                    
17BCE017 Manad Desai                    24-DEC-00 ISTE,RCNI                          87.44       123
17BCE065 Aum Naik                       21-AUG-00                                    96.67       130
                                                                                                    
17BCE017 Manad Desai                    24-DEC-00 ISTE,RCNI                          87.44       123
17BCE007 Ridham Avaiya                  25-MAR-99 AUGEN                              85.67       140
                                                                                                    
17BCE017 Manad Desai                    24-DEC-00 ISTE,RCNI                          87.44       123
17BCE014 Khodidas Chauhan               21-JUL-00 AUGEN,ISTE                         84.33       143
                                                                                                    
17BCE017 Manad Desai                    24-DEC-00 ISTE,RCNI                          87.44       123
17BCE017 Manad Desai                    24-DEC-00 ISTE,RCNI                          87.44       123
                                                                                                    
17BCE017 Manad Desai                    24-DEC-00 ISTE,RCNI                          87.44       123
17BCE007 Vinit Desai                    23-MAR-99                                    87.67        86
                                                                                                    
17BCE017 Manad Desai                    24-DEC-00 ISTE,RCNI                          87.44       123
17BCE023 Sanket Patel                   20-MAR-99 ISTE                               90.33        90
                                                                                                    

ROLLNO   NAME                           DOB       MEMBERS                        HSC_MARKS       JEE
-------- ------------------------------ --------- ------------------------------ --------- ---------
ROLLNO   NAME                           DOB       MEMBERS                        HSC_MARKS       JEE
-------- ------------------------------ --------- ------------------------------ --------- ---------
17BCE017 Manad Desai                    24-DEC-00 ISTE,RCNI                          87.44       123
17BCE090 Chitrang Patel                 13-MAY-99                                    78.88        74
                                                                                                    
17BCE017 Manad Desai                    24-DEC-00 ISTE,RCNI                          87.44       123
17BCE016 Levin Dhabi                    03-JAN-99                                    81.33       150
                                                                                                    
17BCE017 Manad Desai                    24-DEC-00 ISTE,RCNI                          87.44       123
17BCE034 Samarth Solanki                23-FEB-99                                    95.33       122
                                                                                                    
17BCE017 Manad Desai                    24-DEC-00 ISTE,RCNI                          87.44       123
17BCE087 Gaurav Ladhha                  02-SEP-00                                    87.55       143
                                                                                                    
17BCE017 Manad Desai                    24-DEC-00 ISTE,RCNI                          87.44       123
17BCE054 Harsh Naik                     23-APR-00 RCNI                               87.33       110
                                                                                                    
17BCE017 Manad Desai                    24-DEC-00 ISTE,RCNI                          87.44       123
17BCE056 Kunal Chhatwani                27-MAR-99                                    97.22       160
                                                                                                    
17BCE017 Manad Desai                    24-DEC-00 ISTE,RCNI                          87.44       123

ROLLNO   NAME                           DOB       MEMBERS                        HSC_MARKS       JEE
-------- ------------------------------ --------- ------------------------------ --------- ---------
ROLLNO   NAME                           DOB       MEMBERS                        HSC_MARKS       JEE
-------- ------------------------------ --------- ------------------------------ --------- ---------
17BCE018 Vraj Desai                     02-JUN-00                                    94.33       119
                                                                                                    
17BCE017 Manad Desai                    24-DEC-00 ISTE,RCNI                          87.44       123
17BCE019 Dev Gagrani                    13-JAN-00                                    90.13       160
                                                                                                    
17BCE017 Manad Desai                    24-DEC-00 ISTE,RCNI                          87.44       123
17BCE020 Dev Joshi                      03-AUG-99 RCNI                               94.33       180
                                                                                                    
17BCE007 Vinit Desai                    23-MAR-99                                    87.67        86
17BCE001 Aaryan Gupta                   01-JAN-00 ISTE                               90.33       154
                                                                                                    
17BCE007 Vinit Desai                    23-MAR-99                                    87.67        86
17BCE004 Anjali Gama                    04-FEB-99 RCNI,ISTE                          89.78       180
                                                                                                    
17BCE007 Vinit Desai                    23-MAR-99                                    87.67        86
17BCE010 Bharat Adharyu                 02-JUN-99 ISTE                               87.56       130
                                                                                                    
17BCE007 Vinit Desai                    23-MAR-99                                    87.67        86
17BCE011 Bhavya Shah                    11-SEP-99 AUGEN                              89.23       145

ROLLNO   NAME                           DOB       MEMBERS                        HSC_MARKS       JEE
-------- ------------------------------ --------- ------------------------------ --------- ---------
ROLLNO   NAME                           DOB       MEMBERS                        HSC_MARKS       JEE
-------- ------------------------------ --------- ------------------------------ --------- ---------
                                                                                                    
17BCE007 Vinit Desai                    23-MAR-99                                    87.67        86
17BCE009 Mayank Barnwal                 23-JUN-99                                    87.33       145
                                                                                                    
17BCE007 Vinit Desai                    23-MAR-99                                    87.67        86
17BCE065 Aum Naik                       21-AUG-00                                    96.67       130
                                                                                                    
17BCE007 Vinit Desai                    23-MAR-99                                    87.67        86
17BCE007 Ridham Avaiya                  25-MAR-99 AUGEN                              85.67       140
                                                                                                    
17BCE007 Vinit Desai                    23-MAR-99                                    87.67        86
17BCE014 Khodidas Chauhan               21-JUL-00 AUGEN,ISTE                         84.33       143
                                                                                                    
17BCE007 Vinit Desai                    23-MAR-99                                    87.67        86
17BCE017 Manad Desai                    24-DEC-00 ISTE,RCNI                          87.44       123
                                                                                                    
17BCE007 Vinit Desai                    23-MAR-99                                    87.67        86
17BCE007 Vinit Desai                    23-MAR-99                                    87.67        86
                                                                                                    

ROLLNO   NAME                           DOB       MEMBERS                        HSC_MARKS       JEE
-------- ------------------------------ --------- ------------------------------ --------- ---------
ROLLNO   NAME                           DOB       MEMBERS                        HSC_MARKS       JEE
-------- ------------------------------ --------- ------------------------------ --------- ---------
17BCE007 Vinit Desai                    23-MAR-99                                    87.67        86
17BCE023 Sanket Patel                   20-MAR-99 ISTE                               90.33        90
                                                                                                    
17BCE007 Vinit Desai                    23-MAR-99                                    87.67        86
17BCE090 Chitrang Patel                 13-MAY-99                                    78.88        74
                                                                                                    
17BCE007 Vinit Desai                    23-MAR-99                                    87.67        86
17BCE016 Levin Dhabi                    03-JAN-99                                    81.33       150
                                                                                                    
17BCE007 Vinit Desai                    23-MAR-99                                    87.67        86
17BCE034 Samarth Solanki                23-FEB-99                                    95.33       122
                                                                                                    
17BCE007 Vinit Desai                    23-MAR-99                                    87.67        86
17BCE087 Gaurav Ladhha                  02-SEP-00                                    87.55       143
                                                                                                    
17BCE007 Vinit Desai                    23-MAR-99                                    87.67        86
17BCE054 Harsh Naik                     23-APR-00 RCNI                               87.33       110
                                                                                                    
17BCE007 Vinit Desai                    23-MAR-99                                    87.67        86

ROLLNO   NAME                           DOB       MEMBERS                        HSC_MARKS       JEE
-------- ------------------------------ --------- ------------------------------ --------- ---------
ROLLNO   NAME                           DOB       MEMBERS                        HSC_MARKS       JEE
-------- ------------------------------ --------- ------------------------------ --------- ---------
17BCE056 Kunal Chhatwani                27-MAR-99                                    97.22       160
                                                                                                    
17BCE007 Vinit Desai                    23-MAR-99                                    87.67        86
17BCE018 Vraj Desai                     02-JUN-00                                    94.33       119
                                                                                                    
17BCE007 Vinit Desai                    23-MAR-99                                    87.67        86
17BCE019 Dev Gagrani                    13-JAN-00                                    90.13       160
                                                                                                    
17BCE007 Vinit Desai                    23-MAR-99                                    87.67        86
17BCE020 Dev Joshi                      03-AUG-99 RCNI                               94.33       180
                                                                                                    
17BCE023 Sanket Patel                   20-MAR-99 ISTE                               90.33        90
17BCE001 Aaryan Gupta                   01-JAN-00 ISTE                               90.33       154
                                                                                                    
17BCE023 Sanket Patel                   20-MAR-99 ISTE                               90.33        90
17BCE004 Anjali Gama                    04-FEB-99 RCNI,ISTE                          89.78       180
                                                                                                    
17BCE023 Sanket Patel                   20-MAR-99 ISTE                               90.33        90
17BCE010 Bharat Adharyu                 02-JUN-99 ISTE                               87.56       130

ROLLNO   NAME                           DOB       MEMBERS                        HSC_MARKS       JEE
-------- ------------------------------ --------- ------------------------------ --------- ---------
ROLLNO   NAME                           DOB       MEMBERS                        HSC_MARKS       JEE
-------- ------------------------------ --------- ------------------------------ --------- ---------
                                                                                                    
17BCE023 Sanket Patel                   20-MAR-99 ISTE                               90.33        90
17BCE011 Bhavya Shah                    11-SEP-99 AUGEN                              89.23       145
                                                                                                    
17BCE023 Sanket Patel                   20-MAR-99 ISTE                               90.33        90
17BCE009 Mayank Barnwal                 23-JUN-99                                    87.33       145
                                                                                                    
17BCE023 Sanket Patel                   20-MAR-99 ISTE                               90.33        90
17BCE065 Aum Naik                       21-AUG-00                                    96.67       130
                                                                                                    
17BCE023 Sanket Patel                   20-MAR-99 ISTE                               90.33        90
17BCE007 Ridham Avaiya                  25-MAR-99 AUGEN                              85.67       140
                                                                                                    
17BCE023 Sanket Patel                   20-MAR-99 ISTE                               90.33        90
17BCE014 Khodidas Chauhan               21-JUL-00 AUGEN,ISTE                         84.33       143
                                                                                                    
17BCE023 Sanket Patel                   20-MAR-99 ISTE                               90.33        90
17BCE017 Manad Desai                    24-DEC-00 ISTE,RCNI                          87.44       123
                                                                                                    

ROLLNO   NAME                           DOB       MEMBERS                        HSC_MARKS       JEE
-------- ------------------------------ --------- ------------------------------ --------- ---------
ROLLNO   NAME                           DOB       MEMBERS                        HSC_MARKS       JEE
-------- ------------------------------ --------- ------------------------------ --------- ---------
17BCE023 Sanket Patel                   20-MAR-99 ISTE                               90.33        90
17BCE007 Vinit Desai                    23-MAR-99                                    87.67        86
                                                                                                    
17BCE023 Sanket Patel                   20-MAR-99 ISTE                               90.33        90
17BCE023 Sanket Patel                   20-MAR-99 ISTE                               90.33        90
                                                                                                    
17BCE023 Sanket Patel                   20-MAR-99 ISTE                               90.33        90
17BCE090 Chitrang Patel                 13-MAY-99                                    78.88        74
                                                                                                    
17BCE023 Sanket Patel                   20-MAR-99 ISTE                               90.33        90
17BCE016 Levin Dhabi                    03-JAN-99                                    81.33       150
                                                                                                    
17BCE023 Sanket Patel                   20-MAR-99 ISTE                               90.33        90
17BCE034 Samarth Solanki                23-FEB-99                                    95.33       122
                                                                                                    
17BCE023 Sanket Patel                   20-MAR-99 ISTE                               90.33        90
17BCE087 Gaurav Ladhha                  02-SEP-00                                    87.55       143
                                                                                                    
17BCE023 Sanket Patel                   20-MAR-99 ISTE                               90.33        90

ROLLNO   NAME                           DOB       MEMBERS                        HSC_MARKS       JEE
-------- ------------------------------ --------- ------------------------------ --------- ---------
ROLLNO   NAME                           DOB       MEMBERS                        HSC_MARKS       JEE
-------- ------------------------------ --------- ------------------------------ --------- ---------
17BCE054 Harsh Naik                     23-APR-00 RCNI                               87.33       110
                                                                                                    
17BCE023 Sanket Patel                   20-MAR-99 ISTE                               90.33        90
17BCE056 Kunal Chhatwani                27-MAR-99                                    97.22       160
                                                                                                    
17BCE023 Sanket Patel                   20-MAR-99 ISTE                               90.33        90
17BCE018 Vraj Desai                     02-JUN-00                                    94.33       119
                                                                                                    
17BCE023 Sanket Patel                   20-MAR-99 ISTE                               90.33        90
17BCE019 Dev Gagrani                    13-JAN-00                                    90.13       160
                                                                                                    
17BCE023 Sanket Patel                   20-MAR-99 ISTE                               90.33        90
17BCE020 Dev Joshi                      03-AUG-99 RCNI                               94.33       180
                                                                                                    
17BCE090 Chitrang Patel                 13-MAY-99                                    78.88        74
17BCE001 Aaryan Gupta                   01-JAN-00 ISTE                               90.33       154
                                                                                                    
17BCE090 Chitrang Patel                 13-MAY-99                                    78.88        74
17BCE004 Anjali Gama                    04-FEB-99 RCNI,ISTE                          89.78       180

ROLLNO   NAME                           DOB       MEMBERS                        HSC_MARKS       JEE
-------- ------------------------------ --------- ------------------------------ --------- ---------
ROLLNO   NAME                           DOB       MEMBERS                        HSC_MARKS       JEE
-------- ------------------------------ --------- ------------------------------ --------- ---------
                                                                                                    
17BCE090 Chitrang Patel                 13-MAY-99                                    78.88        74
17BCE010 Bharat Adharyu                 02-JUN-99 ISTE                               87.56       130
                                                                                                    
17BCE090 Chitrang Patel                 13-MAY-99                                    78.88        74
17BCE011 Bhavya Shah                    11-SEP-99 AUGEN                              89.23       145
                                                                                                    
17BCE090 Chitrang Patel                 13-MAY-99                                    78.88        74
17BCE009 Mayank Barnwal                 23-JUN-99                                    87.33       145
                                                                                                    
17BCE090 Chitrang Patel                 13-MAY-99                                    78.88        74
17BCE065 Aum Naik                       21-AUG-00                                    96.67       130
                                                                                                    
17BCE090 Chitrang Patel                 13-MAY-99                                    78.88        74
17BCE007 Ridham Avaiya                  25-MAR-99 AUGEN                              85.67       140
                                                                                                    
17BCE090 Chitrang Patel                 13-MAY-99                                    78.88        74
17BCE014 Khodidas Chauhan               21-JUL-00 AUGEN,ISTE                         84.33       143
                                                                                                    

ROLLNO   NAME                           DOB       MEMBERS                        HSC_MARKS       JEE
-------- ------------------------------ --------- ------------------------------ --------- ---------
ROLLNO   NAME                           DOB       MEMBERS                        HSC_MARKS       JEE
-------- ------------------------------ --------- ------------------------------ --------- ---------
17BCE090 Chitrang Patel                 13-MAY-99                                    78.88        74
17BCE017 Manad Desai                    24-DEC-00 ISTE,RCNI                          87.44       123
                                                                                                    
17BCE090 Chitrang Patel                 13-MAY-99                                    78.88        74
17BCE007 Vinit Desai                    23-MAR-99                                    87.67        86
                                                                                                    
17BCE090 Chitrang Patel                 13-MAY-99                                    78.88        74
17BCE023 Sanket Patel                   20-MAR-99 ISTE                               90.33        90
                                                                                                    
17BCE090 Chitrang Patel                 13-MAY-99                                    78.88        74
17BCE090 Chitrang Patel                 13-MAY-99                                    78.88        74
                                                                                                    
17BCE090 Chitrang Patel                 13-MAY-99                                    78.88        74
17BCE016 Levin Dhabi                    03-JAN-99                                    81.33       150
                                                                                                    
17BCE090 Chitrang Patel                 13-MAY-99                                    78.88        74
17BCE034 Samarth Solanki                23-FEB-99                                    95.33       122
                                                                                                    
17BCE090 Chitrang Patel                 13-MAY-99                                    78.88        74

ROLLNO   NAME                           DOB       MEMBERS                        HSC_MARKS       JEE
-------- ------------------------------ --------- ------------------------------ --------- ---------
ROLLNO   NAME                           DOB       MEMBERS                        HSC_MARKS       JEE
-------- ------------------------------ --------- ------------------------------ --------- ---------
17BCE087 Gaurav Ladhha                  02-SEP-00                                    87.55       143
                                                                                                    
17BCE090 Chitrang Patel                 13-MAY-99                                    78.88        74
17BCE054 Harsh Naik                     23-APR-00 RCNI                               87.33       110
                                                                                                    
17BCE090 Chitrang Patel                 13-MAY-99                                    78.88        74
17BCE056 Kunal Chhatwani                27-MAR-99                                    97.22       160
                                                                                                    
17BCE090 Chitrang Patel                 13-MAY-99                                    78.88        74
17BCE018 Vraj Desai                     02-JUN-00                                    94.33       119
                                                                                                    
17BCE090 Chitrang Patel                 13-MAY-99                                    78.88        74
17BCE019 Dev Gagrani                    13-JAN-00                                    90.13       160
                                                                                                    
17BCE090 Chitrang Patel                 13-MAY-99                                    78.88        74
17BCE020 Dev Joshi                      03-AUG-99 RCNI                               94.33       180
                                                                                                    
17BCE016 Levin Dhabi                    03-JAN-99                                    81.33       150
17BCE001 Aaryan Gupta                   01-JAN-00 ISTE                               90.33       154

ROLLNO   NAME                           DOB       MEMBERS                        HSC_MARKS       JEE
-------- ------------------------------ --------- ------------------------------ --------- ---------
ROLLNO   NAME                           DOB       MEMBERS                        HSC_MARKS       JEE
-------- ------------------------------ --------- ------------------------------ --------- ---------
                                                                                                    
17BCE016 Levin Dhabi                    03-JAN-99                                    81.33       150
17BCE004 Anjali Gama                    04-FEB-99 RCNI,ISTE                          89.78       180
                                                                                                    
17BCE016 Levin Dhabi                    03-JAN-99                                    81.33       150
17BCE010 Bharat Adharyu                 02-JUN-99 ISTE                               87.56       130
                                                                                                    
17BCE016 Levin Dhabi                    03-JAN-99                                    81.33       150
17BCE011 Bhavya Shah                    11-SEP-99 AUGEN                              89.23       145
                                                                                                    
17BCE016 Levin Dhabi                    03-JAN-99                                    81.33       150
17BCE009 Mayank Barnwal                 23-JUN-99                                    87.33       145
                                                                                                    
17BCE016 Levin Dhabi                    03-JAN-99                                    81.33       150
17BCE065 Aum Naik                       21-AUG-00                                    96.67       130
                                                                                                    
17BCE016 Levin Dhabi                    03-JAN-99                                    81.33       150
17BCE007 Ridham Avaiya                  25-MAR-99 AUGEN                              85.67       140
                                                                                                    

ROLLNO   NAME                           DOB       MEMBERS                        HSC_MARKS       JEE
-------- ------------------------------ --------- ------------------------------ --------- ---------
ROLLNO   NAME                           DOB       MEMBERS                        HSC_MARKS       JEE
-------- ------------------------------ --------- ------------------------------ --------- ---------
17BCE016 Levin Dhabi                    03-JAN-99                                    81.33       150
17BCE014 Khodidas Chauhan               21-JUL-00 AUGEN,ISTE                         84.33       143
                                                                                                    
17BCE016 Levin Dhabi                    03-JAN-99                                    81.33       150
17BCE017 Manad Desai                    24-DEC-00 ISTE,RCNI                          87.44       123
                                                                                                    
17BCE016 Levin Dhabi                    03-JAN-99                                    81.33       150
17BCE007 Vinit Desai                    23-MAR-99                                    87.67        86
                                                                                                    
17BCE016 Levin Dhabi                    03-JAN-99                                    81.33       150
17BCE023 Sanket Patel                   20-MAR-99 ISTE                               90.33        90
                                                                                                    
17BCE016 Levin Dhabi                    03-JAN-99                                    81.33       150
17BCE090 Chitrang Patel                 13-MAY-99                                    78.88        74
                                                                                                    
17BCE016 Levin Dhabi                    03-JAN-99                                    81.33       150
17BCE016 Levin Dhabi                    03-JAN-99                                    81.33       150
                                                                                                    
17BCE016 Levin Dhabi                    03-JAN-99                                    81.33       150

ROLLNO   NAME                           DOB       MEMBERS                        HSC_MARKS       JEE
-------- ------------------------------ --------- ------------------------------ --------- ---------
ROLLNO   NAME                           DOB       MEMBERS                        HSC_MARKS       JEE
-------- ------------------------------ --------- ------------------------------ --------- ---------
17BCE034 Samarth Solanki                23-FEB-99                                    95.33       122
                                                                                                    
17BCE016 Levin Dhabi                    03-JAN-99                                    81.33       150
17BCE087 Gaurav Ladhha                  02-SEP-00                                    87.55       143
                                                                                                    
17BCE016 Levin Dhabi                    03-JAN-99                                    81.33       150
17BCE054 Harsh Naik                     23-APR-00 RCNI                               87.33       110
                                                                                                    
17BCE016 Levin Dhabi                    03-JAN-99                                    81.33       150
17BCE056 Kunal Chhatwani                27-MAR-99                                    97.22       160
                                                                                                    
17BCE016 Levin Dhabi                    03-JAN-99                                    81.33       150
17BCE018 Vraj Desai                     02-JUN-00                                    94.33       119
                                                                                                    
17BCE016 Levin Dhabi                    03-JAN-99                                    81.33       150
17BCE019 Dev Gagrani                    13-JAN-00                                    90.13       160
                                                                                                    
17BCE016 Levin Dhabi                    03-JAN-99                                    81.33       150
17BCE020 Dev Joshi                      03-AUG-99 RCNI                               94.33       180

ROLLNO   NAME                           DOB       MEMBERS                        HSC_MARKS       JEE
-------- ------------------------------ --------- ------------------------------ --------- ---------
ROLLNO   NAME                           DOB       MEMBERS                        HSC_MARKS       JEE
-------- ------------------------------ --------- ------------------------------ --------- ---------
                                                                                                    
17BCE034 Samarth Solanki                23-FEB-99                                    95.33       122
17BCE001 Aaryan Gupta                   01-JAN-00 ISTE                               90.33       154
                                                                                                    
17BCE034 Samarth Solanki                23-FEB-99                                    95.33       122
17BCE004 Anjali Gama                    04-FEB-99 RCNI,ISTE                          89.78       180
                                                                                                    
17BCE034 Samarth Solanki                23-FEB-99                                    95.33       122
17BCE010 Bharat Adharyu                 02-JUN-99 ISTE                               87.56       130
                                                                                                    
17BCE034 Samarth Solanki                23-FEB-99                                    95.33       122
17BCE011 Bhavya Shah                    11-SEP-99 AUGEN                              89.23       145
                                                                                                    
17BCE034 Samarth Solanki                23-FEB-99                                    95.33       122
17BCE009 Mayank Barnwal                 23-JUN-99                                    87.33       145
                                                                                                    
17BCE034 Samarth Solanki                23-FEB-99                                    95.33       122
17BCE065 Aum Naik                       21-AUG-00                                    96.67       130
                                                                                                    

ROLLNO   NAME                           DOB       MEMBERS                        HSC_MARKS       JEE
-------- ------------------------------ --------- ------------------------------ --------- ---------
ROLLNO   NAME                           DOB       MEMBERS                        HSC_MARKS       JEE
-------- ------------------------------ --------- ------------------------------ --------- ---------
17BCE034 Samarth Solanki                23-FEB-99                                    95.33       122
17BCE007 Ridham Avaiya                  25-MAR-99 AUGEN                              85.67       140
                                                                                                    
17BCE034 Samarth Solanki                23-FEB-99                                    95.33       122
17BCE014 Khodidas Chauhan               21-JUL-00 AUGEN,ISTE                         84.33       143
                                                                                                    
17BCE034 Samarth Solanki                23-FEB-99                                    95.33       122
17BCE017 Manad Desai                    24-DEC-00 ISTE,RCNI                          87.44       123
                                                                                                    
17BCE034 Samarth Solanki                23-FEB-99                                    95.33       122
17BCE007 Vinit Desai                    23-MAR-99                                    87.67        86
                                                                                                    
17BCE034 Samarth Solanki                23-FEB-99                                    95.33       122
17BCE023 Sanket Patel                   20-MAR-99 ISTE                               90.33        90
                                                                                                    
17BCE034 Samarth Solanki                23-FEB-99                                    95.33       122
17BCE090 Chitrang Patel                 13-MAY-99                                    78.88        74
                                                                                                    
17BCE034 Samarth Solanki                23-FEB-99                                    95.33       122

ROLLNO   NAME                           DOB       MEMBERS                        HSC_MARKS       JEE
-------- ------------------------------ --------- ------------------------------ --------- ---------
ROLLNO   NAME                           DOB       MEMBERS                        HSC_MARKS       JEE
-------- ------------------------------ --------- ------------------------------ --------- ---------
17BCE016 Levin Dhabi                    03-JAN-99                                    81.33       150
                                                                                                    
17BCE034 Samarth Solanki                23-FEB-99                                    95.33       122
17BCE034 Samarth Solanki                23-FEB-99                                    95.33       122
                                                                                                    
17BCE034 Samarth Solanki                23-FEB-99                                    95.33       122
17BCE087 Gaurav Ladhha                  02-SEP-00                                    87.55       143
                                                                                                    
17BCE034 Samarth Solanki                23-FEB-99                                    95.33       122
17BCE054 Harsh Naik                     23-APR-00 RCNI                               87.33       110
                                                                                                    
17BCE034 Samarth Solanki                23-FEB-99                                    95.33       122
17BCE056 Kunal Chhatwani                27-MAR-99                                    97.22       160
                                                                                                    
17BCE034 Samarth Solanki                23-FEB-99                                    95.33       122
17BCE018 Vraj Desai                     02-JUN-00                                    94.33       119
                                                                                                    
17BCE034 Samarth Solanki                23-FEB-99                                    95.33       122
17BCE019 Dev Gagrani                    13-JAN-00                                    90.13       160

ROLLNO   NAME                           DOB       MEMBERS                        HSC_MARKS       JEE
-------- ------------------------------ --------- ------------------------------ --------- ---------
ROLLNO   NAME                           DOB       MEMBERS                        HSC_MARKS       JEE
-------- ------------------------------ --------- ------------------------------ --------- ---------
                                                                                                    
17BCE034 Samarth Solanki                23-FEB-99                                    95.33       122
17BCE020 Dev Joshi                      03-AUG-99 RCNI                               94.33       180
                                                                                                    
17BCE087 Gaurav Ladhha                  02-SEP-00                                    87.55       143
17BCE001 Aaryan Gupta                   01-JAN-00 ISTE                               90.33       154
                                                                                                    
17BCE087 Gaurav Ladhha                  02-SEP-00                                    87.55       143
17BCE004 Anjali Gama                    04-FEB-99 RCNI,ISTE                          89.78       180
                                                                                                    
17BCE087 Gaurav Ladhha                  02-SEP-00                                    87.55       143
17BCE010 Bharat Adharyu                 02-JUN-99 ISTE                               87.56       130
                                                                                                    
17BCE087 Gaurav Ladhha                  02-SEP-00                                    87.55       143
17BCE011 Bhavya Shah                    11-SEP-99 AUGEN                              89.23       145
                                                                                                    
17BCE087 Gaurav Ladhha                  02-SEP-00                                    87.55       143
17BCE009 Mayank Barnwal                 23-JUN-99                                    87.33       145
                                                                                                    

ROLLNO   NAME                           DOB       MEMBERS                        HSC_MARKS       JEE
-------- ------------------------------ --------- ------------------------------ --------- ---------
ROLLNO   NAME                           DOB       MEMBERS                        HSC_MARKS       JEE
-------- ------------------------------ --------- ------------------------------ --------- ---------
17BCE087 Gaurav Ladhha                  02-SEP-00                                    87.55       143
17BCE065 Aum Naik                       21-AUG-00                                    96.67       130
                                                                                                    
17BCE087 Gaurav Ladhha                  02-SEP-00                                    87.55       143
17BCE007 Ridham Avaiya                  25-MAR-99 AUGEN                              85.67       140
                                                                                                    
17BCE087 Gaurav Ladhha                  02-SEP-00                                    87.55       143
17BCE014 Khodidas Chauhan               21-JUL-00 AUGEN,ISTE                         84.33       143
                                                                                                    
17BCE087 Gaurav Ladhha                  02-SEP-00                                    87.55       143
17BCE017 Manad Desai                    24-DEC-00 ISTE,RCNI                          87.44       123
                                                                                                    
17BCE087 Gaurav Ladhha                  02-SEP-00                                    87.55       143
17BCE007 Vinit Desai                    23-MAR-99                                    87.67        86
                                                                                                    
17BCE087 Gaurav Ladhha                  02-SEP-00                                    87.55       143
17BCE023 Sanket Patel                   20-MAR-99 ISTE                               90.33        90
                                                                                                    
17BCE087 Gaurav Ladhha                  02-SEP-00                                    87.55       143

ROLLNO   NAME                           DOB       MEMBERS                        HSC_MARKS       JEE
-------- ------------------------------ --------- ------------------------------ --------- ---------
ROLLNO   NAME                           DOB       MEMBERS                        HSC_MARKS       JEE
-------- ------------------------------ --------- ------------------------------ --------- ---------
17BCE090 Chitrang Patel                 13-MAY-99                                    78.88        74
                                                                                                    
17BCE087 Gaurav Ladhha                  02-SEP-00                                    87.55       143
17BCE016 Levin Dhabi                    03-JAN-99                                    81.33       150
                                                                                                    
17BCE087 Gaurav Ladhha                  02-SEP-00                                    87.55       143
17BCE034 Samarth Solanki                23-FEB-99                                    95.33       122
                                                                                                    
17BCE087 Gaurav Ladhha                  02-SEP-00                                    87.55       143
17BCE087 Gaurav Ladhha                  02-SEP-00                                    87.55       143
                                                                                                    
17BCE087 Gaurav Ladhha                  02-SEP-00                                    87.55       143
17BCE054 Harsh Naik                     23-APR-00 RCNI                               87.33       110
                                                                                                    
17BCE087 Gaurav Ladhha                  02-SEP-00                                    87.55       143
17BCE056 Kunal Chhatwani                27-MAR-99                                    97.22       160
                                                                                                    
17BCE087 Gaurav Ladhha                  02-SEP-00                                    87.55       143
17BCE018 Vraj Desai                     02-JUN-00                                    94.33       119

ROLLNO   NAME                           DOB       MEMBERS                        HSC_MARKS       JEE
-------- ------------------------------ --------- ------------------------------ --------- ---------
ROLLNO   NAME                           DOB       MEMBERS                        HSC_MARKS       JEE
-------- ------------------------------ --------- ------------------------------ --------- ---------
                                                                                                    
17BCE087 Gaurav Ladhha                  02-SEP-00                                    87.55       143
17BCE019 Dev Gagrani                    13-JAN-00                                    90.13       160
                                                                                                    
17BCE087 Gaurav Ladhha                  02-SEP-00                                    87.55       143
17BCE020 Dev Joshi                      03-AUG-99 RCNI                               94.33       180
                                                                                                    
17BCE054 Harsh Naik                     23-APR-00 RCNI                               87.33       110
17BCE001 Aaryan Gupta                   01-JAN-00 ISTE                               90.33       154
                                                                                                    
17BCE054 Harsh Naik                     23-APR-00 RCNI                               87.33       110
17BCE004 Anjali Gama                    04-FEB-99 RCNI,ISTE                          89.78       180
                                                                                                    
17BCE054 Harsh Naik                     23-APR-00 RCNI                               87.33       110
17BCE010 Bharat Adharyu                 02-JUN-99 ISTE                               87.56       130
                                                                                                    
17BCE054 Harsh Naik                     23-APR-00 RCNI                               87.33       110
17BCE011 Bhavya Shah                    11-SEP-99 AUGEN                              89.23       145
                                                                                                    

ROLLNO   NAME                           DOB       MEMBERS                        HSC_MARKS       JEE
-------- ------------------------------ --------- ------------------------------ --------- ---------
ROLLNO   NAME                           DOB       MEMBERS                        HSC_MARKS       JEE
-------- ------------------------------ --------- ------------------------------ --------- ---------
17BCE054 Harsh Naik                     23-APR-00 RCNI                               87.33       110
17BCE009 Mayank Barnwal                 23-JUN-99                                    87.33       145
                                                                                                    
17BCE054 Harsh Naik                     23-APR-00 RCNI                               87.33       110
17BCE065 Aum Naik                       21-AUG-00                                    96.67       130
                                                                                                    
17BCE054 Harsh Naik                     23-APR-00 RCNI                               87.33       110
17BCE007 Ridham Avaiya                  25-MAR-99 AUGEN                              85.67       140
                                                                                                    
17BCE054 Harsh Naik                     23-APR-00 RCNI                               87.33       110
17BCE014 Khodidas Chauhan               21-JUL-00 AUGEN,ISTE                         84.33       143
                                                                                                    
17BCE054 Harsh Naik                     23-APR-00 RCNI                               87.33       110
17BCE017 Manad Desai                    24-DEC-00 ISTE,RCNI                          87.44       123
                                                                                                    
17BCE054 Harsh Naik                     23-APR-00 RCNI                               87.33       110
17BCE007 Vinit Desai                    23-MAR-99                                    87.67        86
                                                                                                    
17BCE054 Harsh Naik                     23-APR-00 RCNI                               87.33       110

ROLLNO   NAME                           DOB       MEMBERS                        HSC_MARKS       JEE
-------- ------------------------------ --------- ------------------------------ --------- ---------
ROLLNO   NAME                           DOB       MEMBERS                        HSC_MARKS       JEE
-------- ------------------------------ --------- ------------------------------ --------- ---------
17BCE023 Sanket Patel                   20-MAR-99 ISTE                               90.33        90
                                                                                                    
17BCE054 Harsh Naik                     23-APR-00 RCNI                               87.33       110
17BCE090 Chitrang Patel                 13-MAY-99                                    78.88        74
                                                                                                    
17BCE054 Harsh Naik                     23-APR-00 RCNI                               87.33       110
17BCE016 Levin Dhabi                    03-JAN-99                                    81.33       150
                                                                                                    
17BCE054 Harsh Naik                     23-APR-00 RCNI                               87.33       110
17BCE034 Samarth Solanki                23-FEB-99                                    95.33       122
                                                                                                    
17BCE054 Harsh Naik                     23-APR-00 RCNI                               87.33       110
17BCE087 Gaurav Ladhha                  02-SEP-00                                    87.55       143
                                                                                                    
17BCE054 Harsh Naik                     23-APR-00 RCNI                               87.33       110
17BCE054 Harsh Naik                     23-APR-00 RCNI                               87.33       110
                                                                                                    
17BCE054 Harsh Naik                     23-APR-00 RCNI                               87.33       110
17BCE056 Kunal Chhatwani                27-MAR-99                                    97.22       160

ROLLNO   NAME                           DOB       MEMBERS                        HSC_MARKS       JEE
-------- ------------------------------ --------- ------------------------------ --------- ---------
ROLLNO   NAME                           DOB       MEMBERS                        HSC_MARKS       JEE
-------- ------------------------------ --------- ------------------------------ --------- ---------
                                                                                                    
17BCE054 Harsh Naik                     23-APR-00 RCNI                               87.33       110
17BCE018 Vraj Desai                     02-JUN-00                                    94.33       119
                                                                                                    
17BCE054 Harsh Naik                     23-APR-00 RCNI                               87.33       110
17BCE019 Dev Gagrani                    13-JAN-00                                    90.13       160
                                                                                                    
17BCE054 Harsh Naik                     23-APR-00 RCNI                               87.33       110
17BCE020 Dev Joshi                      03-AUG-99 RCNI                               94.33       180
                                                                                                    
17BCE056 Kunal Chhatwani                27-MAR-99                                    97.22       160
17BCE001 Aaryan Gupta                   01-JAN-00 ISTE                               90.33       154
                                                                                                    
17BCE056 Kunal Chhatwani                27-MAR-99                                    97.22       160
17BCE004 Anjali Gama                    04-FEB-99 RCNI,ISTE                          89.78       180
                                                                                                    
17BCE056 Kunal Chhatwani                27-MAR-99                                    97.22       160
17BCE010 Bharat Adharyu                 02-JUN-99 ISTE                               87.56       130
                                                                                                    

ROLLNO   NAME                           DOB       MEMBERS                        HSC_MARKS       JEE
-------- ------------------------------ --------- ------------------------------ --------- ---------
ROLLNO   NAME                           DOB       MEMBERS                        HSC_MARKS       JEE
-------- ------------------------------ --------- ------------------------------ --------- ---------
17BCE056 Kunal Chhatwani                27-MAR-99                                    97.22       160
17BCE011 Bhavya Shah                    11-SEP-99 AUGEN                              89.23       145
                                                                                                    
17BCE056 Kunal Chhatwani                27-MAR-99                                    97.22       160
17BCE009 Mayank Barnwal                 23-JUN-99                                    87.33       145
                                                                                                    
17BCE056 Kunal Chhatwani                27-MAR-99                                    97.22       160
17BCE065 Aum Naik                       21-AUG-00                                    96.67       130
                                                                                                    
17BCE056 Kunal Chhatwani                27-MAR-99                                    97.22       160
17BCE007 Ridham Avaiya                  25-MAR-99 AUGEN                              85.67       140
                                                                                                    
17BCE056 Kunal Chhatwani                27-MAR-99                                    97.22       160
17BCE014 Khodidas Chauhan               21-JUL-00 AUGEN,ISTE                         84.33       143
                                                                                                    
17BCE056 Kunal Chhatwani                27-MAR-99                                    97.22       160
17BCE017 Manad Desai                    24-DEC-00 ISTE,RCNI                          87.44       123
                                                                                                    
17BCE056 Kunal Chhatwani                27-MAR-99                                    97.22       160

ROLLNO   NAME                           DOB       MEMBERS                        HSC_MARKS       JEE
-------- ------------------------------ --------- ------------------------------ --------- ---------
ROLLNO   NAME                           DOB       MEMBERS                        HSC_MARKS       JEE
-------- ------------------------------ --------- ------------------------------ --------- ---------
17BCE007 Vinit Desai                    23-MAR-99                                    87.67        86
                                                                                                    
17BCE056 Kunal Chhatwani                27-MAR-99                                    97.22       160
17BCE023 Sanket Patel                   20-MAR-99 ISTE                               90.33        90
                                                                                                    
17BCE056 Kunal Chhatwani                27-MAR-99                                    97.22       160
17BCE090 Chitrang Patel                 13-MAY-99                                    78.88        74
                                                                                                    
17BCE056 Kunal Chhatwani                27-MAR-99                                    97.22       160
17BCE016 Levin Dhabi                    03-JAN-99                                    81.33       150
                                                                                                    
17BCE056 Kunal Chhatwani                27-MAR-99                                    97.22       160
17BCE034 Samarth Solanki                23-FEB-99                                    95.33       122
                                                                                                    
17BCE056 Kunal Chhatwani                27-MAR-99                                    97.22       160
17BCE087 Gaurav Ladhha                  02-SEP-00                                    87.55       143
                                                                                                    
17BCE056 Kunal Chhatwani                27-MAR-99                                    97.22       160
17BCE054 Harsh Naik                     23-APR-00 RCNI                               87.33       110

ROLLNO   NAME                           DOB       MEMBERS                        HSC_MARKS       JEE
-------- ------------------------------ --------- ------------------------------ --------- ---------
ROLLNO   NAME                           DOB       MEMBERS                        HSC_MARKS       JEE
-------- ------------------------------ --------- ------------------------------ --------- ---------
                                                                                                    
17BCE056 Kunal Chhatwani                27-MAR-99                                    97.22       160
17BCE056 Kunal Chhatwani                27-MAR-99                                    97.22       160
                                                                                                    
17BCE056 Kunal Chhatwani                27-MAR-99                                    97.22       160
17BCE018 Vraj Desai                     02-JUN-00                                    94.33       119
                                                                                                    
17BCE056 Kunal Chhatwani                27-MAR-99                                    97.22       160
17BCE019 Dev Gagrani                    13-JAN-00                                    90.13       160
                                                                                                    
17BCE056 Kunal Chhatwani                27-MAR-99                                    97.22       160
17BCE020 Dev Joshi                      03-AUG-99 RCNI                               94.33       180
                                                                                                    
17BCE018 Vraj Desai                     02-JUN-00                                    94.33       119
17BCE001 Aaryan Gupta                   01-JAN-00 ISTE                               90.33       154
                                                                                                    
17BCE018 Vraj Desai                     02-JUN-00                                    94.33       119
17BCE004 Anjali Gama                    04-FEB-99 RCNI,ISTE                          89.78       180
                                                                                                    

ROLLNO   NAME                           DOB       MEMBERS                        HSC_MARKS       JEE
-------- ------------------------------ --------- ------------------------------ --------- ---------
ROLLNO   NAME                           DOB       MEMBERS                        HSC_MARKS       JEE
-------- ------------------------------ --------- ------------------------------ --------- ---------
17BCE018 Vraj Desai                     02-JUN-00                                    94.33       119
17BCE010 Bharat Adharyu                 02-JUN-99 ISTE                               87.56       130
                                                                                                    
17BCE018 Vraj Desai                     02-JUN-00                                    94.33       119
17BCE011 Bhavya Shah                    11-SEP-99 AUGEN                              89.23       145
                                                                                                    
17BCE018 Vraj Desai                     02-JUN-00                                    94.33       119
17BCE009 Mayank Barnwal                 23-JUN-99                                    87.33       145
                                                                                                    
17BCE018 Vraj Desai                     02-JUN-00                                    94.33       119
17BCE065 Aum Naik                       21-AUG-00                                    96.67       130
                                                                                                    
17BCE018 Vraj Desai                     02-JUN-00                                    94.33       119
17BCE007 Ridham Avaiya                  25-MAR-99 AUGEN                              85.67       140
                                                                                                    
17BCE018 Vraj Desai                     02-JUN-00                                    94.33       119
17BCE014 Khodidas Chauhan               21-JUL-00 AUGEN,ISTE                         84.33       143
                                                                                                    
17BCE018 Vraj Desai                     02-JUN-00                                    94.33       119

ROLLNO   NAME                           DOB       MEMBERS                        HSC_MARKS       JEE
-------- ------------------------------ --------- ------------------------------ --------- ---------
ROLLNO   NAME                           DOB       MEMBERS                        HSC_MARKS       JEE
-------- ------------------------------ --------- ------------------------------ --------- ---------
17BCE017 Manad Desai                    24-DEC-00 ISTE,RCNI                          87.44       123
                                                                                                    
17BCE018 Vraj Desai                     02-JUN-00                                    94.33       119
17BCE007 Vinit Desai                    23-MAR-99                                    87.67        86
                                                                                                    
17BCE018 Vraj Desai                     02-JUN-00                                    94.33       119
17BCE023 Sanket Patel                   20-MAR-99 ISTE                               90.33        90
                                                                                                    
17BCE018 Vraj Desai                     02-JUN-00                                    94.33       119
17BCE090 Chitrang Patel                 13-MAY-99                                    78.88        74
                                                                                                    
17BCE018 Vraj Desai                     02-JUN-00                                    94.33       119
17BCE016 Levin Dhabi                    03-JAN-99                                    81.33       150
                                                                                                    
17BCE018 Vraj Desai                     02-JUN-00                                    94.33       119
17BCE034 Samarth Solanki                23-FEB-99                                    95.33       122
                                                                                                    
17BCE018 Vraj Desai                     02-JUN-00                                    94.33       119
17BCE087 Gaurav Ladhha                  02-SEP-00                                    87.55       143

ROLLNO   NAME                           DOB       MEMBERS                        HSC_MARKS       JEE
-------- ------------------------------ --------- ------------------------------ --------- ---------
ROLLNO   NAME                           DOB       MEMBERS                        HSC_MARKS       JEE
-------- ------------------------------ --------- ------------------------------ --------- ---------
                                                                                                    
17BCE018 Vraj Desai                     02-JUN-00                                    94.33       119
17BCE054 Harsh Naik                     23-APR-00 RCNI                               87.33       110
                                                                                                    
17BCE018 Vraj Desai                     02-JUN-00                                    94.33       119
17BCE056 Kunal Chhatwani                27-MAR-99                                    97.22       160
                                                                                                    
17BCE018 Vraj Desai                     02-JUN-00                                    94.33       119
17BCE018 Vraj Desai                     02-JUN-00                                    94.33       119
                                                                                                    
17BCE018 Vraj Desai                     02-JUN-00                                    94.33       119
17BCE019 Dev Gagrani                    13-JAN-00                                    90.13       160
                                                                                                    
17BCE018 Vraj Desai                     02-JUN-00                                    94.33       119
17BCE020 Dev Joshi                      03-AUG-99 RCNI                               94.33       180
                                                                                                    
17BCE019 Dev Gagrani                    13-JAN-00                                    90.13       160
17BCE001 Aaryan Gupta                   01-JAN-00 ISTE                               90.33       154
                                                                                                    

ROLLNO   NAME                           DOB       MEMBERS                        HSC_MARKS       JEE
-------- ------------------------------ --------- ------------------------------ --------- ---------
ROLLNO   NAME                           DOB       MEMBERS                        HSC_MARKS       JEE
-------- ------------------------------ --------- ------------------------------ --------- ---------
17BCE019 Dev Gagrani                    13-JAN-00                                    90.13       160
17BCE004 Anjali Gama                    04-FEB-99 RCNI,ISTE                          89.78       180
                                                                                                    
17BCE019 Dev Gagrani                    13-JAN-00                                    90.13       160
17BCE010 Bharat Adharyu                 02-JUN-99 ISTE                               87.56       130
                                                                                                    
17BCE019 Dev Gagrani                    13-JAN-00                                    90.13       160
17BCE011 Bhavya Shah                    11-SEP-99 AUGEN                              89.23       145
                                                                                                    
17BCE019 Dev Gagrani                    13-JAN-00                                    90.13       160
17BCE009 Mayank Barnwal                 23-JUN-99                                    87.33       145
                                                                                                    
17BCE019 Dev Gagrani                    13-JAN-00                                    90.13       160
17BCE065 Aum Naik                       21-AUG-00                                    96.67       130
                                                                                                    
17BCE019 Dev Gagrani                    13-JAN-00                                    90.13       160
17BCE007 Ridham Avaiya                  25-MAR-99 AUGEN                              85.67       140
                                                                                                    
17BCE019 Dev Gagrani                    13-JAN-00                                    90.13       160

ROLLNO   NAME                           DOB       MEMBERS                        HSC_MARKS       JEE
-------- ------------------------------ --------- ------------------------------ --------- ---------
ROLLNO   NAME                           DOB       MEMBERS                        HSC_MARKS       JEE
-------- ------------------------------ --------- ------------------------------ --------- ---------
17BCE014 Khodidas Chauhan               21-JUL-00 AUGEN,ISTE                         84.33       143
                                                                                                    
17BCE019 Dev Gagrani                    13-JAN-00                                    90.13       160
17BCE017 Manad Desai                    24-DEC-00 ISTE,RCNI                          87.44       123
                                                                                                    
17BCE019 Dev Gagrani                    13-JAN-00                                    90.13       160
17BCE007 Vinit Desai                    23-MAR-99                                    87.67        86
                                                                                                    
17BCE019 Dev Gagrani                    13-JAN-00                                    90.13       160
17BCE023 Sanket Patel                   20-MAR-99 ISTE                               90.33        90
                                                                                                    
17BCE019 Dev Gagrani                    13-JAN-00                                    90.13       160
17BCE090 Chitrang Patel                 13-MAY-99                                    78.88        74
                                                                                                    
17BCE019 Dev Gagrani                    13-JAN-00                                    90.13       160
17BCE016 Levin Dhabi                    03-JAN-99                                    81.33       150
                                                                                                    
17BCE019 Dev Gagrani                    13-JAN-00                                    90.13       160
17BCE034 Samarth Solanki                23-FEB-99                                    95.33       122

ROLLNO   NAME                           DOB       MEMBERS                        HSC_MARKS       JEE
-------- ------------------------------ --------- ------------------------------ --------- ---------
ROLLNO   NAME                           DOB       MEMBERS                        HSC_MARKS       JEE
-------- ------------------------------ --------- ------------------------------ --------- ---------
                                                                                                    
17BCE019 Dev Gagrani                    13-JAN-00                                    90.13       160
17BCE087 Gaurav Ladhha                  02-SEP-00                                    87.55       143
                                                                                                    
17BCE019 Dev Gagrani                    13-JAN-00                                    90.13       160
17BCE054 Harsh Naik                     23-APR-00 RCNI                               87.33       110
                                                                                                    
17BCE019 Dev Gagrani                    13-JAN-00                                    90.13       160
17BCE056 Kunal Chhatwani                27-MAR-99                                    97.22       160
                                                                                                    
17BCE019 Dev Gagrani                    13-JAN-00                                    90.13       160
17BCE018 Vraj Desai                     02-JUN-00                                    94.33       119
                                                                                                    
17BCE019 Dev Gagrani                    13-JAN-00                                    90.13       160
17BCE019 Dev Gagrani                    13-JAN-00                                    90.13       160
                                                                                                    
17BCE019 Dev Gagrani                    13-JAN-00                                    90.13       160
17BCE020 Dev Joshi                      03-AUG-99 RCNI                               94.33       180
                                                                                                    

ROLLNO   NAME                           DOB       MEMBERS                        HSC_MARKS       JEE
-------- ------------------------------ --------- ------------------------------ --------- ---------
ROLLNO   NAME                           DOB       MEMBERS                        HSC_MARKS       JEE
-------- ------------------------------ --------- ------------------------------ --------- ---------
17BCE020 Dev Joshi                      03-AUG-99 RCNI                               94.33       180
17BCE001 Aaryan Gupta                   01-JAN-00 ISTE                               90.33       154
                                                                                                    
17BCE020 Dev Joshi                      03-AUG-99 RCNI                               94.33       180
17BCE004 Anjali Gama                    04-FEB-99 RCNI,ISTE                          89.78       180
                                                                                                    
17BCE020 Dev Joshi                      03-AUG-99 RCNI                               94.33       180
17BCE010 Bharat Adharyu                 02-JUN-99 ISTE                               87.56       130
                                                                                                    
17BCE020 Dev Joshi                      03-AUG-99 RCNI                               94.33       180
17BCE011 Bhavya Shah                    11-SEP-99 AUGEN                              89.23       145
                                                                                                    
17BCE020 Dev Joshi                      03-AUG-99 RCNI                               94.33       180
17BCE009 Mayank Barnwal                 23-JUN-99                                    87.33       145
                                                                                                    
17BCE020 Dev Joshi                      03-AUG-99 RCNI                               94.33       180
17BCE065 Aum Naik                       21-AUG-00                                    96.67       130
                                                                                                    
17BCE020 Dev Joshi                      03-AUG-99 RCNI                               94.33       180

ROLLNO   NAME                           DOB       MEMBERS                        HSC_MARKS       JEE
-------- ------------------------------ --------- ------------------------------ --------- ---------
ROLLNO   NAME                           DOB       MEMBERS                        HSC_MARKS       JEE
-------- ------------------------------ --------- ------------------------------ --------- ---------
17BCE007 Ridham Avaiya                  25-MAR-99 AUGEN                              85.67       140
                                                                                                    
17BCE020 Dev Joshi                      03-AUG-99 RCNI                               94.33       180
17BCE014 Khodidas Chauhan               21-JUL-00 AUGEN,ISTE                         84.33       143
                                                                                                    
17BCE020 Dev Joshi                      03-AUG-99 RCNI                               94.33       180
17BCE017 Manad Desai                    24-DEC-00 ISTE,RCNI                          87.44       123
                                                                                                    
17BCE020 Dev Joshi                      03-AUG-99 RCNI                               94.33       180
17BCE007 Vinit Desai                    23-MAR-99                                    87.67        86
                                                                                                    
17BCE020 Dev Joshi                      03-AUG-99 RCNI                               94.33       180
17BCE023 Sanket Patel                   20-MAR-99 ISTE                               90.33        90
                                                                                                    
17BCE020 Dev Joshi                      03-AUG-99 RCNI                               94.33       180
17BCE090 Chitrang Patel                 13-MAY-99                                    78.88        74
                                                                                                    
17BCE020 Dev Joshi                      03-AUG-99 RCNI                               94.33       180
17BCE016 Levin Dhabi                    03-JAN-99                                    81.33       150

ROLLNO   NAME                           DOB       MEMBERS                        HSC_MARKS       JEE
-------- ------------------------------ --------- ------------------------------ --------- ---------
ROLLNO   NAME                           DOB       MEMBERS                        HSC_MARKS       JEE
-------- ------------------------------ --------- ------------------------------ --------- ---------
                                                                                                    
17BCE020 Dev Joshi                      03-AUG-99 RCNI                               94.33       180
17BCE034 Samarth Solanki                23-FEB-99                                    95.33       122
                                                                                                    
17BCE020 Dev Joshi                      03-AUG-99 RCNI                               94.33       180
17BCE087 Gaurav Ladhha                  02-SEP-00                                    87.55       143
                                                                                                    
17BCE020 Dev Joshi                      03-AUG-99 RCNI                               94.33       180
17BCE054 Harsh Naik                     23-APR-00 RCNI                               87.33       110
                                                                                                    
17BCE020 Dev Joshi                      03-AUG-99 RCNI                               94.33       180
17BCE056 Kunal Chhatwani                27-MAR-99                                    97.22       160
                                                                                                    
17BCE020 Dev Joshi                      03-AUG-99 RCNI                               94.33       180
17BCE018 Vraj Desai                     02-JUN-00                                    94.33       119
                                                                                                    
17BCE020 Dev Joshi                      03-AUG-99 RCNI                               94.33       180
17BCE019 Dev Gagrani                    13-JAN-00                                    90.13       160
                                                                                                    

ROLLNO   NAME                           DOB       MEMBERS                        HSC_MARKS       JEE
-------- ------------------------------ --------- ------------------------------ --------- ---------
ROLLNO   NAME                           DOB       MEMBERS                        HSC_MARKS       JEE
-------- ------------------------------ --------- ------------------------------ --------- ---------
17BCE020 Dev Joshi                      03-AUG-99 RCNI                               94.33       180
17BCE020 Dev Joshi                      03-AUG-99 RCNI                               94.33       180
                                                                                                    

400 rows selected.

SQL> SELECT * FROM TAB;

TNAME                          TABTYPE CLUSTERID                                                    
------------------------------ ------- ---------                                                    
BIN$0xN5N2VvQYm6dXR/Qgobtw==$0 TABLE                                                                
BIN$7n4jpdFjQ9+ovRAL5HQ3kA==$0 TABLE                                                                
BOOKS                          TABLE                                                                
CLIENT                         TABLE                                                                
EMP                            TABLE                                                                
ISSUE                          TABLE                                                                
MEMBER                         TABLE                                                                
STUDENT                        TABLE                                                                

8 rows selected.

SQL> SELECT * FROM ISSUE;

no rows selected

SQL> SELECT * FROM BOOKS;

  BOOK_NO BOOK_NAME                      AUTHOR_NAME                         COST CATEGORY          
--------- ------------------------------ ------------------------------ --------- ----------        
      101 LET US C                       DENIS RITCHIE                        450 SCIENCE           
      102 ORACLE COMPLETE REFERENCE      LONI                                 550 DATABASE          
      103 MASTERING SQL                  LONI                                 300 RDBMS             
      104 PL SQL-REF                     SCOTT URMAN                          750 DATABASE          

SQL> SELECT BOOK_NO,BOOK_NAME,AUTHOR_NAME,COST,SUBSTR(1,1,CATEGORY) FROM BOOKS;
SELECT BOOK_NO,BOOK_NAME,AUTHOR_NAME,COST,SUBSTR(1,1,CATEGORY) FROM BOOKS
                                                     *
ERROR at line 1:
ORA-01722: invalid number 


SQL> ED
Wrote file afiedt.buf

  1* SELECT BOOK_NO,BOOK_NAME,AUTHOR_NAME,COST,SUBSTR(CATEGORY,1,1) FROM BOOKS
SQL> /

  BOOK_NO BOOK_NAME                      AUTHOR_NAME                         COST S                 
--------- ------------------------------ ------------------------------ --------- -                 
      101 LET US C                       DENIS RITCHIE                        450 S                 
      102 ORACLE COMPLETE REFERENCE      LONI                                 550 D                 
      103 MASTERING SQL                  LONI                                 300 R                 
      104 PL SQL-REF                     SCOTT URMAN                          750 D                 

SQL> H
SP2-0042: unknown command "H" - rest of line ignored.
SQL> .
SQL> ED
Wrote file afiedt.buf

  1* SELECT BOOK_NO,BOOK_NAME,AUTHOR_NAME,COST,SUBSTR(CATEGORY,1,1) FROM BOOKS
SQL> SELECT * FROM STUDENT;

ROLLNO   NAME                           DOB       MEMBERS                        HSC_MARKS       JEE
-------- ------------------------------ --------- ------------------------------ --------- ---------
17BCE001 Aaryan Gupta                   01-JAN-00 ISTE                               90.33       154
17BCE004 Anjali Gama                    04-FEB-99 RCNI,ISTE                          89.78       180
17BCE010 Bharat Adharyu                 02-JUN-99 ISTE                               87.56       130
17BCE011 Bhavya Shah                    11-SEP-99 AUGEN                              89.23       145
17BCE009 Mayank Barnwal                 23-JUN-99                                    87.33       145
17BCE065 Aum Naik                       21-AUG-00                                    96.67       130
17BCE007 Ridham Avaiya                  25-MAR-99 AUGEN                              85.67       140
17BCE014 Khodidas Chauhan               21-JUL-00 AUGEN,ISTE                         84.33       143
17BCE017 Manad Desai                    24-DEC-00 ISTE,RCNI                          87.44       123
17BCE007 Vinit Desai                    23-MAR-99                                    87.67        86
17BCE023 Sanket Patel                   20-MAR-99 ISTE                               90.33        90
17BCE090 Chitrang Patel                 13-MAY-99                                    78.88        74
17BCE016 Levin Dhabi                    03-JAN-99                                    81.33       150
17BCE034 Samarth Solanki                23-FEB-99                                    95.33       122
17BCE087 Gaurav Ladhha                  02-SEP-00                                    87.55       143
17BCE054 Harsh Naik                     23-APR-00 RCNI                               87.33       110
17BCE056 Kunal Chhatwani                27-MAR-99                                    97.22       160
17BCE018 Vraj Desai                     02-JUN-00                                    94.33       119
17BCE019 Dev Gagrani                    13-JAN-00                                    90.13       160
17BCE020 Dev Joshi                      03-AUG-99 RCNI                               94.33       180

20 rows selected.

SQL> ED
Wrote file afiedt.buf

  1  SELECT CATEGORY
  2  CASE
  3      WHEN CATEGORY = "DATABASE" THEN 'D'
  4      WHEN CATEGORY = "RDBMS" THEN 'S'
  5      ELSE 'O'
  6  END 
  7* FROM BOOKS
SQL> /
    WHEN CATEGORY = "DATABASE" THEN 'D'
    *
ERROR at line 3:
ORA-00923: FROM keyword not found where expected 


SQL> ED
Wrote file afiedt.buf

  1  SELECT CATEGORY
  2  CASE
  3      WHEN CATEGORY = "DATABASE" THEN SET CATEGORY='D'
  4      WHEN CATEGORY = "RDBMS" THEN SET CATEGORY='S'
  5      ELSE 'O'
  6  END 
  7* FROM BOOKS
SQL> /
    WHEN CATEGORY = "DATABASE" THEN SET CATEGORY='D'
    *
ERROR at line 3:
ORA-00923: FROM keyword not found where expected 


SQL> ED
Wrote file afiedt.buf

  1  SELECT CATEGORY FROM BOOKS
  2  CASE
  3      WHEN CATEGORY = "DATABASE" THEN SET CATEGORY='D'
  4      WHEN CATEGORY = "RDBMS" THEN SET CATEGORY='S'
  5      ELSE 'O'
  6* END 
  7  /
    WHEN CATEGORY = "DATABASE" THEN SET CATEGORY='D'
    *
ERROR at line 3:
ORA-00933: SQL command not properly ended 


SQL> ED
Wrote file afiedt.buf

  1  SELECT CATEGORY 
  2  CASE
  3      WHEN CATEGORY = "DATABASE" THEN "D"
  4      WHEN CATEGORY = "RDBMS" THEN "S"
  5      ELSE 'O'
  6  END 
  7* FROM BOOKS
SQL> /
    WHEN CATEGORY = "DATABASE" THEN "D"
    *
ERROR at line 3:
ORA-00923: FROM keyword not found where expected 


SQL> ED
Wrote file afiedt.buf

  1  SELECT 
  2  (SELECT CATEGORY 
  3  CASE
  4      WHEN CATEGORY = "DATABASE" THEN "D"
  5      WHEN CATEGORY = "RDBMS" THEN "S"
  6      ELSE "O"
  7  END) 
  8* FROM BOOKS
SQL> /
    WHEN CATEGORY = "DATABASE" THEN "D"
    *
ERROR at line 4:
ORA-00923: FROM keyword not found where expected 


SQL> ED
Wrote file afiedt.buf

  1  SELECT CASE
  2      WHEN CATEGORY = "DATABASE" THEN "D"
  3      WHEN CATEGORY = "RDBMS" THEN "S"
  4      ELSE "O"
  5  END 
  6* FROM BOOKS
SQL> /
    ELSE "O"
         *
ERROR at line 4:
ORA-00904: "O": invalid identifier 


SQL> ED
Wrote file afiedt.buf

  1  SELECT CASE
  2      WHEN CATEGORY = 'DATABASE' THEN 'D'
  3      WHEN CATEGORY = 'RDBMS' THEN 'S'
  4      ELSE 'O'
  5  END
  6  AS CATEGORY
  7* FROM BOOKS
SQL> /

C                                                                                                   
-                                                                                                   
O                                                                                                   
D                                                                                                   
S                                                                                                   
D                                                                                                   

SQL> SELECT * FROM BOOKS;

  BOOK_NO BOOK_NAME                      AUTHOR_NAME                         COST CATEGORY          
--------- ------------------------------ ------------------------------ --------- ----------        
      101 LET US C                       DENIS RITCHIE                        450 SCIENCE           
      102 ORACLE COMPLETE REFERENCE      LONI                                 550 DATABASE          
      103 MASTERING SQL                  LONI                                 300 RDBMS             
      104 PL SQL-REF                     SCOTT URMAN                          750 DATABASE          

SQL> ED
Wrote file afiedt.buf

  1* SELECT * FROM BOOKS
SQL>  SELECT CASE
  2       WHEN CATEGORY = 'DATABASE' THEN 'D'
  3       WHEN CATEGORY = 'RDBMS' THEN 'S'
  4       ELSE 'O'
  5   END
  6   AS CATEGORY
  7   FROM BOOKS
  8  ;

C                                                                                                   
-                                                                                                   
O                                                                                                   
D                                                                                                   
S                                                                                                   
D                                                                                                   

SQL> ED
Wrote file afiedt.buf

  1  COLUMN CATEGORY FORMAT AAAAAAAA 
  2  SELECT CASE
  3       WHEN CATEGORY = 'DATABASE' THEN 'D'
  4       WHEN CATEGORY = 'RDBMS' THEN 'S'
  5       ELSE 'O'
  6   END
  7   AS CATEGORY
  8*  FROM BOOKS
  9  /
COLUMN CATEGORY FORMAT AAAAAAAA 
*
ERROR at line 1:
ORA-00900: invalid SQL statement 


SQL> ED
Wrote file afiedt.buf

  1  SELECT CASE
  2       WHEN CATEGORY = 'DATABASE' THEN 'D'
  3       WHEN CATEGORY = 'RDBMS' THEN 'S'
  4       ELSE 'O'
  5   END
  6   AS CATEGORY
  7*  FROM BOOKS
SQL> COLUMN CATEGORY FORMAT "aaaaaaaa";
SP2-0246: Illegal FORMAT string "aaaaaaaa"
SQL> ED
Wrote file afiedt.buf

  1  SELECT CASE
  2       WHEN CATEGORY = 'DATABASE' THEN 'D'
  3       WHEN CATEGORY = 'RDBMS' THEN 'S'
  4       ELSE 'O'
  5   END
  6   AS CATEGORY
  7*  FROM BOOKS
SQL> COLUMN CATEGORY FORMAT 'aaaaa';
SP2-0246: Illegal FORMAT string "aaaaa"
SQL> COL CATEGORY FORMAT a5;
SQL> SELECT CASE
  2       WHEN CATEGORY = 'DATABASE' THEN 'D'
  3       WHEN CATEGORY = 'RDBMS' THEN 'S'
  4       ELSE 'O'
  5   END
  6   AS CATEGORY
  7   FROM BOOKS
  8  ;

CATEG                                                                                               
-----                                                                                               
O                                                                                                   
D                                                                                                   
S                                                                                                   
D                                                                                                   

SQL> COLUMN CATEGORY FORMAT A8;
SQL> SELECT CASE
  2       WHEN CA
  3       WHEN CA
  4       ELSE 'O
  5   END
  6   AS CATEGORY
  7  .
SQL> SELECT CASE
  2       WHEN CATEGORY = 'DATABASE' THEN 'D'
  3       WHEN CATEGORY = 'RDBMS' THEN 'S'
  4       ELSE 'O'
  5   END
  6   AS CATEGORY
  7   FROM BOOKS;

CATEGORY                                                                                            
--------                                                                                            
O                                                                                                   
D                                                                                                   
S                                                                                                   
D                                                                                                   

SQL> SELECT * FROM ISSUE;

no rows selected

SQL> SELECT * FROM BOOKS;

  BOOK_NO BOOK_NAME                      AUTHOR_NAME                         COST CATEGORY          
--------- ------------------------------ ------------------------------ --------- --------          
      101 LET US C                       DENIS RITCHIE                        450 SCIENCE           
                                                                                                    
                                                                                                    
      102 ORACLE COMPLETE REFERENCE      LONI                                 550 DATABASE          
                                                                                                    
                                                                                                    
      103 MASTERING SQL                  LONI                                 300 RDBMS             
                                                                                                    
                                                                                                    
      104 PL SQL-REF                     SCOTT URMAN                          750 DATABASE          
                                                                                                    
                                                                                                    

SQL> SELECT * FROM TAB;

TNAME                          TABTYPE CLUSTERID                                                    
------------------------------ ------- ---------                                                    
BIN$0xN5N2VvQYm6dXR/Qgobtw==$0 TABLE                                                                
BIN$7n4jpdFjQ9+ovRAL5HQ3kA==$0 TABLE                                                                
BOOKS                          TABLE                                                                
CLIENT                         TABLE                                                                
EMP                            TABLE                                                                
ISSUE                          TABLE                                                                
MEMBER                         TABLE                                                                
STUDENT                        TABLE                                                                

8 rows selected.

SQL> DESC STUDENT
 Name                                                  Null?    Type
 ----------------------------------------------------- -------- ------------------------------------
 ROLLNO                                                         VARCHAR2(8)
 NAME                                                           VARCHAR2(30)
 DOB                                                            DATE
 MEMBERS                                                        VARCHAR2(30)
 HSC_MARKS                                                      NUMBER(5,2)
 JEE                                                            NUMBER(3)

SQL> SELECT DOB, DAY(DOB), NEXT_DAY(DOB,'FRIDAY') FROM STUDENT;
SELECT DOB, DAY(DOB), NEXT_DAY(DOB,'FRIDAY') FROM STUDENT
            *
ERROR at line 1:
ORA-00904: "DAY": invalid identifier 


SQL> ED
Wrote file afiedt.buf

  1* SELECT DOB, TO_CHAR(DOB,'DAY'), NEXT_DAY(DOB,'FRIDAY') FROM STUDENT
SQL> /

DOB       TO_CHAR(D NEXT_DAY(                                                                       
--------- --------- ---------                                                                       
01-JAN-00 SATURDAY  07-JAN-00                                                                       
04-FEB-99 THURSDAY  05-FEB-99                                                                       
02-JUN-99 WEDNESDAY 04-JUN-99                                                                       
11-SEP-99 SATURDAY  17-SEP-99                                                                       
23-JUN-99 WEDNESDAY 25-JUN-99                                                                       
21-AUG-00 MONDAY    25-AUG-00                                                                       
25-MAR-99 THURSDAY  26-MAR-99                                                                       
21-JUL-00 FRIDAY    28-JUL-00                                                                       
24-DEC-00 SUNDAY    29-DEC-00                                                                       
23-MAR-99 TUESDAY   26-MAR-99                                                                       
20-MAR-99 SATURDAY  26-MAR-99                                                                       
13-MAY-99 WEDNESDAY 15-MAY-99                                                                       
03-JAN-99 SATURDAY  09-JAN-99                                                                       
23-FEB-99 MONDAY    27-FEB-99                                                                       
02-SEP-00 SATURDAY  08-SEP-00                                                                       
23-APR-00 SUNDAY    28-APR-00                                                                       
27-MAR-99 FRIDAY    03-APR-99                                                                       
02-JUN-00 FRIDAY    09-JUN-00                                                                       
13-JAN-00 THURSDAY  14-JAN-00                                                                       
03-AUG-99 MONDAY    07-AUG-99                                                                       

20 rows selected.

SQL> SELECT ROUND('17-AUG-19','YYYY') FROM DUAL;
SELECT ROUND('17-AUG-19','YYYY') FROM DUAL
             *
ERROR at line 1:
ORA-01722: invalid number 


SQL> ED
Wrote file afiedt.buf

  1* SELECT ROUND(TO_DATE('17-AUG-19','DD-MON-YY'),'YYYY') FROM DUAL
SQL> /

ROUND(TO_                                                                                           
---------                                                                                           
01-JAN-20                                                                                           

SQL> SELECT TRUNC(SYSDATE) FROM DUAL;

TRUNC(SYS                                                                                           
---------                                                                                           
29-AUG-19                                                                                           

SQL> ED
Wrote file afiedt.buf

  1* SELECT TRUNC(SYSDATE,'YYYY') FROM DUAL
SQL> /

TRUNC(SYS                                                                                           
---------                                                                                           
01-JAN-19                                                                                           

SQL> ED
Wrote file afiedt.buf

  1* SELECT TRUNC(SYSDATE,'DD') FROM DUAL
SQL> ED
Wrote file afiedt.buf

  1* SELECT TRUNC(SYSDATE,'DD') FROM DUAL
SQL> /

TRUNC(SYS                                                                                           
---------                                                                                           
29-AUG-19                                                                                           

SQL> ED
Wrote file afiedt.buf

  1* SELECT TRUNC(SYSDATE,'MON') FROM DUAL
SQL> /

TRUNC(SYS                                                                                           
---------                                                                                           
01-AUG-19                                                                                           

SQL> SELECT GREATEST
  2  (SYSDATE,TO_DATE('02-OCT-19','DD-MON-YY')) FROM DUAL;

GREATEST(                                                                                           
---------                                                                                           
02-OCT-19                                                                                           

SQL> ED
Wrote file afiedt.buf

  1  SELECT GREATEST
  2* (SYSDATE,TO_DATE('02-OCT-19','DD-MON-YY'),TO_DATE('02-NOV-19','DD-MON-YY')) FROM DUAL
SQL> /

GREATEST(                                                                                           
---------                                                                                           
02-NOV-19                                                                                           

SQL> SELECT * FROM TAB;

TNAME                          TABTYPE CLUSTERID                                                    
------------------------------ ------- ---------                                                    
BIN$0xN5N2VvQYm6dXR/Qgobtw==$0 TABLE                                                                
BIN$7n4jpdFjQ9+ovRAL5HQ3kA==$0 TABLE                                                                
BOOKS                          TABLE                                                                
CLIENT                         TABLE                                                                
EMP                            TABLE                                                                
ISSUE                          TABLE                                                                
MEMBER                         TABLE                                                                
STUDENT                        TABLE                                                                

8 rows selected.

SQL> SELECT * FROM CLIENT;

no rows selected

SQL> SELECT * FROM MEMBER;

MEMBER_ID MEMBER_NAME                    MEMBER_ADDRESS                                             
--------- ------------------------------ --------------------------------------------------         
ACC_OPEN_ MEMBERSHIP_TYPE      FEES_PAID MAX_BOOKS_ALLOWED PENALTY_AMOUNT                           
--------- -------------------- --------- ----------------- --------------                           
        1 A                              SURAT                                                      
12-FEB-00 Lifetime                  1000                20            300                           
                                                                                                    
        2 B                              BHUJ                                                       
10-FEB-99 Annual                     300                30            500                           
                                                                                                    
        3 C                              UNJHA                                                      
20-MAR-99 Lifetime                   400                40            800                           
                                                                                                    

SQL> DESC ISSUE;
 Name                                                  Null?    Type
 ----------------------------------------------------- -------- ------------------------------------
 LIB_ISSUE_ID                                          NOT NULL NUMBER(10)
 BOOK_NO                                                        NUMBER(6)
 MEMBER_ID                                                      NUMBER(5)
 ISSUE_DATE                                                     DATE
 RETURN_DATE                                                    DATE

SQL> DESC BOOKS;
 Name                                                  Null?    Type
 ----------------------------------------------------- -------- ------------------------------------
 BOOK_NO                                               NOT NULL NUMBER(6)
 BOOK_NAME                                             NOT NULL VARCHAR2(30)
 AUTHOR_NAME                                                    VARCHAR2(30)
 COST                                                           NUMBER(7,2)
 CATEGORY                                                       CHAR(10)

SQL> SELECT B1.BOOK_NAME,B2.BOOK_NAME FROM BOOKS B1,BOOKS B2
  2  WHERE B1.AUTHOR_NAME=B2.AUTHOR_NAME;

BOOK_NAME                      BOOK_NAME                                                            
------------------------------ ------------------------------                                       
LET US C                       LET US C                                                             
MASTERING SQL                  ORACLE COMPLETE REFERENCE                                            
ORACLE COMPLETE REFERENCE      ORACLE COMPLETE REFERENCE                                            
MASTERING SQL                  MASTERING SQL                                                        
ORACLE COMPLETE REFERENCE      MASTERING SQL                                                        
PL SQL-REF                     PL SQL-REF                                                           

6 rows selected.

SQL> ED
Wrote file afiedt.buf

  1  SELECT B1.BOOK_NAME,B2.BOOK_NAME FROM BOOKS B1,BOOKS B2
  2* WHERE B1.AUTHOR_NAME=B2.AUTHOR_NAME AND B1.BOOK_NAME < B2.BOOK_NAME
SQL> /

BOOK_NAME                      BOOK_NAME                                                            
------------------------------ ------------------------------                                       
MASTERING SQL                  ORACLE COMPLETE REFERENCE                                            

SQL> ED
Wrote file afiedt.buf

  1  SELECT B1.BOOK_NAME,B2.BOOK_NAME,B1.AUTHOR_NAME FROM BOOKS B1,BOOKS B2
  2* WHERE B1.AUTHOR_NAME=B2.AUTHOR_NAME AND B1.BOOK_NAME < B2.BOOK_NAME
SQL> /

BOOK_NAME                      BOOK_NAME                      AUTHOR_NAME                           
------------------------------ ------------------------------ ------------------------------        
MASTERING SQL                  ORACLE COMPLETE REFERENCE      LONI                                  

SQL> COMMIT;

Commit complete.

SQL> SPOOL OFF;
